Archive member included to satisfy reference by file (symbol)

/Users/tomdeeds/Documents/LPCXpresso_8.2.2/workspace/lpc_board_nxp_lpcxpresso_1769/Debug/liblpc_board_nxp_lpcxpresso_1769.a(board.o)
                              ./src/virtual_cane.o (Board_LED_Toggle)
/Users/tomdeeds/Documents/LPCXpresso_8.2.2/workspace/lpc_board_nxp_lpcxpresso_1769/Debug/liblpc_board_nxp_lpcxpresso_1769.a(board_sysinit.o)
                              ./src/sysinit.o (Board_SystemInit)
/Users/tomdeeds/Documents/LPCXpresso_8.2.2/workspace/lpc_chip_175x_6x/Debug/liblpc_chip_175x_6x.a(chip_17xx_40xx.o)
                              ./src/virtual_cane.o (SystemCoreClock)
/Users/tomdeeds/Documents/LPCXpresso_8.2.2/workspace/lpc_chip_175x_6x/Debug/liblpc_chip_175x_6x.a(clock_17xx_40xx.o)
                              /Users/tomdeeds/Documents/LPCXpresso_8.2.2/workspace/lpc_chip_175x_6x/Debug/liblpc_chip_175x_6x.a(chip_17xx_40xx.o) (Chip_Clock_EnablePLL)
/Users/tomdeeds/Documents/LPCXpresso_8.2.2/workspace/lpc_chip_175x_6x/Debug/liblpc_chip_175x_6x.a(i2c_17xx_40xx.o)
                              ./src/virtual_cane.o (Chip_I2C_EventHandler)
/Users/tomdeeds/Documents/LPCXpresso_8.2.2/workspace/lpc_chip_175x_6x/Debug/liblpc_chip_175x_6x.a(i2s_17xx_40xx.o)
                              /Users/tomdeeds/Documents/LPCXpresso_8.2.2/workspace/lpc_board_nxp_lpcxpresso_1769/Debug/liblpc_board_nxp_lpcxpresso_1769.a(board.o) (Chip_I2S_Init)
/Users/tomdeeds/Documents/LPCXpresso_8.2.2/workspace/lpc_chip_175x_6x/Debug/liblpc_chip_175x_6x.a(iocon_17xx_40xx.o)
                              /Users/tomdeeds/Documents/LPCXpresso_8.2.2/workspace/lpc_board_nxp_lpcxpresso_1769/Debug/liblpc_board_nxp_lpcxpresso_1769.a(board.o) (Chip_IOCON_PinMux)
/Users/tomdeeds/Documents/LPCXpresso_8.2.2/workspace/lpc_chip_175x_6x/Debug/liblpc_chip_175x_6x.a(pwm_17xx_40xx.o)
                              ./src/virtual_cane.o (Chip_PWM_Reset)
/Users/tomdeeds/Documents/LPCXpresso_8.2.2/workspace/lpc_chip_175x_6x/Debug/liblpc_chip_175x_6x.a(sysinit_17xx_40xx.o)
                              /Users/tomdeeds/Documents/LPCXpresso_8.2.2/workspace/lpc_board_nxp_lpcxpresso_1769/Debug/liblpc_board_nxp_lpcxpresso_1769.a(board_sysinit.o) (Chip_SetupXtalClocking)
/Users/tomdeeds/Documents/LPCXpresso_8.2.2/workspace/lpc_chip_175x_6x/Debug/liblpc_chip_175x_6x.a(uart_17xx_40xx.o)
                              /Users/tomdeeds/Documents/LPCXpresso_8.2.2/workspace/lpc_board_nxp_lpcxpresso_1769/Debug/liblpc_board_nxp_lpcxpresso_1769.a(board.o) (Chip_UART_Init)
/Users/tomdeeds/Documents/LPCXpresso_8.2.2/workspace/lpc_chip_175x_6x/Debug/liblpc_chip_175x_6x.a(ring_buffer.o)
                              /Users/tomdeeds/Documents/LPCXpresso_8.2.2/workspace/lpc_chip_175x_6x/Debug/liblpc_chip_175x_6x.a(uart_17xx_40xx.o) (RingBuffer_Insert)
/Applications/lpcxpresso_8.2.2_650/lpcxpresso/tools/bin/../lib/gcc/arm-none-eabi/5.4.1/../../../../arm-none-eabi/lib/armv7-m/libcr_semihost.a(_cr__main.o)
                              ./src/cr_startup_lpc175x_6x.o (__main)
/Applications/lpcxpresso_8.2.2_650/lpcxpresso/tools/bin/../lib/gcc/arm-none-eabi/5.4.1/../../../../arm-none-eabi/lib/armv7-m/libcr_c.a(memcpy.o)
                              ./src/virtual_cane.o (memcpy)
/Applications/lpcxpresso_8.2.2_650/lpcxpresso/tools/bin/../lib/gcc/arm-none-eabi/5.4.1/../../../../arm-none-eabi/lib/armv7-m/libcr_c.a(initio.o)
                              /Applications/lpcxpresso_8.2.2_650/lpcxpresso/tools/bin/../lib/gcc/arm-none-eabi/5.4.1/../../../../arm-none-eabi/lib/armv7-m/libcr_semihost.a(_cr__main.o) (_initio)
/Applications/lpcxpresso_8.2.2_650/lpcxpresso/tools/bin/../lib/gcc/arm-none-eabi/5.4.1/../../../../arm-none-eabi/lib/armv7-m/libcr_c.a(setvbuf.o)
                              /Applications/lpcxpresso_8.2.2_650/lpcxpresso/tools/bin/../lib/gcc/arm-none-eabi/5.4.1/../../../../arm-none-eabi/lib/armv7-m/libcr_c.a(initio.o) (setvbuf)
/Applications/lpcxpresso_8.2.2_650/lpcxpresso/tools/bin/../lib/gcc/arm-none-eabi/5.4.1/../../../../arm-none-eabi/lib/armv7-m/libcr_c.a(stdio.o)
                              /Applications/lpcxpresso_8.2.2_650/lpcxpresso/tools/bin/../lib/gcc/arm-none-eabi/5.4.1/../../../../arm-none-eabi/lib/armv7-m/libcr_c.a(initio.o) (__Ciob)
/Applications/lpcxpresso_8.2.2_650/lpcxpresso/tools/bin/../lib/gcc/arm-none-eabi/5.4.1/../../../../arm-none-eabi/lib/armv7-m/libcr_c.a(memset.o)
                              /Applications/lpcxpresso_8.2.2_650/lpcxpresso/tools/bin/../lib/gcc/arm-none-eabi/5.4.1/../../../../arm-none-eabi/lib/armv7-m/libcr_c.a(initio.o) (memset)
/Applications/lpcxpresso_8.2.2_650/lpcxpresso/tools/bin/../lib/gcc/arm-none-eabi/5.4.1/../../../../arm-none-eabi/lib/armv7-m/libcr_c.a(__fillbuf.o)
                              /Applications/lpcxpresso_8.2.2_650/lpcxpresso/tools/bin/../lib/gcc/arm-none-eabi/5.4.1/../../../../arm-none-eabi/lib/armv7-m/libcr_c.a(stdio.o) (__filbuf)
[...]
Memory Configuration

Name             Origin             Length             Attributes
MFlash512        0x0000000000000000 0x0000000000080000 xr
RamLoc32         0x0000000010000000 0x0000000000008000 xrw
RamAHB32         0x000000002007c000 0x0000000000008000 xrw
*default*        0x0000000000000000 0xffffffffffffffff

Linker script and memory map

LOAD ./src/cr_startup_lpc175x_6x.o
LOAD ./src/crp.o
LOAD ./src/sysinit.o
LOAD ./src/virtual_cane.o
LOAD /Users/tomdeeds/Documents/LPCXpresso_8.2.2/workspace/lpc_board_nxp_lpcxpresso_1769/Debug/liblpc_board_nxp_lpcxpresso_1769.a
LOAD /Users/tomdeeds/Documents/LPCXpresso_8.2.2/workspace/lpc_chip_175x_6x/Debug/liblpc_chip_175x_6x.a
START GROUP
LOAD /Applications/lpcxpresso_8.2.2_650/lpcxpresso/tools/bin/../lib/gcc/arm-none-eabi/5.4.1/../../../../arm-none-eabi/lib/armv7-m/libcr_semihost.a
LOAD /Applications/lpcxpresso_8.2.2_650/lpcxpresso/tools/bin/../lib/gcc/arm-none-eabi/5.4.1/../../../../arm-none-eabi/lib/armv7-m/libcr_c.a
LOAD /Applications/lpcxpresso_8.2.2_650/lpcxpresso/tools/bin/../lib/gcc/arm-none-eabi/5.4.1/armv7-m/libcr_eabihelpers.a
END GROUP
                0x0000000000000000                __base_MFlash512 = 0x0
                0x0000000000000000                __base_Flash = 0x0
                0x0000000000080000                __top_MFlash512 = 0x80000
                0x0000000000080000                __top_Flash = 0x80000
                0x0000000010000000                __base_RamLoc32 = 0x10000000
                0x0000000010000000                __base_RAM = 0x10000000
                0x0000000010008000                __top_RamLoc32 = 0x10008000
                0x0000000010008000                __top_RAM = 0x10008000
                0x000000002007c000                __base_RamAHB32 = 0x2007c000
                0x000000002007c000                __base_RAM2 = 0x2007c000
                0x0000000020084000                __top_RamAHB32 = 0x20084000
                0x0000000020084000                __top_RAM2 = 0x20084000

.text           0x0000000000000000     0x2db4
 FILL mask 0xff
                0x0000000000000000                __vectors_start__ = ABSOLUTE (.)
 *(.isr_vector)
 .isr_vector    0x0000000000000000       0xcc ./src/cr_startup_lpc175x_6x.o
                0x0000000000000000                g_pfnVectors
                0x00000000000000cc                . = ALIGN (0x4)
                0x00000000000000cc                __section_table_start = .
                0x00000000000000cc                __data_section_table = .
                0x00000000000000cc        0x4 LONG 0x2db4 LOADADDR (.data)
                0x00000000000000d0        0x4 LONG 0x10000000 ADDR (.data)
                0x00000000000000d4        0x4 LONG 0x58 SIZEOF (.data)
                0x00000000000000d8        0x4 LONG 0x2db4 LOADADDR (.data_RAM2)
                0x00000000000000dc        0x4 LONG 0x2007c000 ADDR (.data_RAM2)
                0x00000000000000e0        0x4 LONG 0x0 SIZEOF (.data_RAM2)
                0x00000000000000e4                __data_section_table_end = .
                0x00000000000000e4                __bss_section_table = .
                0x00000000000000e4        0x4 LONG 0x10000058 ADDR (.bss)
                0x00000000000000e8        0x4 LONG 0x1d0 SIZEOF (.bss)
                0x00000000000000ec        0x4 LONG 0x2007c000 ADDR (.bss_RAM2)
                0x00000000000000f0        0x4 LONG 0x0 SIZEOF (.bss_RAM2)
                0x00000000000000f4                __bss_section_table_end = .
                0x00000000000000f4                __section_table_end = .
 *(.after_vectors*)
 .after_vectors
                0x00000000000000f4      0x144 ./src/cr_startup_lpc175x_6x.o
                0x00000000000000f4                data_init
                0x0000000000000138                bss_init
                0x0000000000000170                ResetISR
                0x00000000000001e8                NMI_Handler
                0x00000000000001f0                HardFault_Handler
                0x00000000000001f8                MemManage_Handler
                0x0000000000000200                BusFault_Handler
                0x0000000000000208                UsageFault_Handler
                0x0000000000000210                SVC_Handler
                0x0000000000000218                DebugMon_Handler
                0x0000000000000220                PendSV_Handler
                0x0000000000000230                PLL0_IRQHandler
                0x0000000000000230                CAN_IRQHandler
                0x0000000000000230                PLL1_IRQHandler
                0x0000000000000230                SSP0_IRQHandler
                0x0000000000000230                I2S_IRQHandler
                0x0000000000000230                I2C2_IRQHandler
                0x0000000000000230                RTC_IRQHandler
                0x0000000000000230                TIMER0_IRQHandler
                0x0000000000000230                SPI_IRQHandler
                0x0000000000000230                EINT1_IRQHandler
                0x0000000000000230                TIMER1_IRQHandler
                0x0000000000000230                UART2_IRQHandler
                0x0000000000000230                ADC_IRQHandler
                0x0000000000000230                SSP1_IRQHandler
                0x0000000000000230                USB_IRQHandler
                0x0000000000000230                BOD_IRQHandler
                0x0000000000000230                WDT_IRQHandler
                0x0000000000000230                QEI_IRQHandler
                0x0000000000000230                EINT0_IRQHandler
                0x0000000000000230                ETH_IRQHandler
                0x0000000000000230                DMA_IRQHandler
                0x0000000000000230                UART3_IRQHandler
                0x0000000000000230                TIMER2_IRQHandler
                0x0000000000000230                MCPWM_IRQHandler
                0x0000000000000230                RIT_IRQHandler
                0x0000000000000230                USBActivity_IRQHandler
                0x0000000000000230                PWM1_IRQHandler
                0x0000000000000230                I2C1_IRQHandler
                0x0000000000000230                EINT2_IRQHandler
                0x0000000000000230                UART1_IRQHandler
                0x0000000000000230                CANActivity_IRQHandler
                0x0000000000000230                TIMER3_IRQHandler
                0x0000000000000230                UART0_IRQHandler
                0x0000000000000230                IntDefaultHandler
                0x00000000000002fc                . = 0x2fc
 *fill*         0x0000000000000238       0xc4 ff
                0x00000000000002fc                PROVIDE (__CRP_WORD_START__, .)
 *(.crp)
 .crp           0x00000000000002fc        0x4 ./src/crp.o
                0x00000000000002fc                CRP_WORD
                0x0000000000000300                PROVIDE (__CRP_WORD_END__, .)
                0x0000000000000001                ASSERT (! ((__CRP_WORD_START__ == __CRP_WORD_END__)), Linker CRP Enabled, but no CRP_WORD provided within application)
 *(.text*)
 .text.SystemInit
                0x0000000000000300       0x24 ./src/sysinit.o
                0x0000000000000300                SystemInit
 .text.NVIC_EnableIRQ
                0x0000000000000324       0x30 ./src/virtual_cane.o
 .text.NVIC_DisableIRQ
                0x0000000000000354       0x34 ./src/virtual_cane.o
 .text.NVIC_ClearPendingIRQ
                0x0000000000000388       0x34 ./src/virtual_cane.o
 .text.NVIC_SetPriority
                0x00000000000003bc       0x54 ./src/virtual_cane.o
 .text.SysTick_Config
                0x0000000000000410       0x44 ./src/virtual_cane.o
 .text.Chip_GPIO_Init
                0x0000000000000454       0x18 ./src/virtual_cane.o
 .text.Chip_GPIO_SetPinState
                0x000000000000046c       0x68 ./src/virtual_cane.o
 .text.Chip_GPIO_SetPinDIROutput
                0x00000000000004d4       0x38 ./src/virtual_cane.o
 .text.Chip_GPIO_SetPinDIRInput
                0x000000000000050c       0x3c ./src/virtual_cane.o
 .text.Chip_GPIOINT_Init
                0x0000000000000548       0x18 ./src/virtual_cane.o
 .text.Chip_GPIOINT_SetIntFalling
                0x0000000000000560       0x2c ./src/virtual_cane.o
 .text.Chip_GPIOINT_SetIntRising
                0x000000000000058c       0x2c ./src/virtual_cane.o
 .text.Chip_GPIOINT_GetStatusFalling
                0x00000000000005b8       0x28 ./src/virtual_cane.o
 .text.Chip_GPIOINT_GetStatusRising
                0x00000000000005e0       0x28 ./src/virtual_cane.o
 .text.Chip_GPIOINT_ClearIntStatus
                0x0000000000000608       0x2c ./src/virtual_cane.o
 .text.i2c_state_handling
                0x0000000000000634       0x34 ./src/virtual_cane.o
 .text.i2c_set_mode
                0x0000000000000668       0x84 ./src/virtual_cane.o
 .text.I2C0_IRQHandler
                0x00000000000006ec       0x10 ./src/virtual_cane.o
                0x00000000000006ec                I2C0_IRQHandler
 .text.i2c_app_init
                0x00000000000006fc       0x3c ./src/virtual_cane.o
 .text.haptic_init
                0x0000000000000738       0x30 ./src/virtual_cane.o
                0x0000000000000738                haptic_init
 .text.haptic_playback_mode
                0x0000000000000768       0x54 ./src/virtual_cane.o
                0x0000000000000768                haptic_playback_mode
 .text.haptic_standby_mode
                0x00000000000007bc       0x24 ./src/virtual_cane.o
                0x00000000000007bc                haptic_standby_mode
 .text.haptic_intensity
                0x00000000000007e0       0x28 ./src/virtual_cane.o
                0x00000000000007e0                haptic_intensity
 .text.haptic_calibrate
                0x0000000000000808      0x100 ./src/virtual_cane.o
                0x0000000000000808                haptic_calibrate
 .text.distance_to_sound
                0x0000000000000908       0xb8 ./src/virtual_cane.o
                0x0000000000000908                distance_to_sound
 .text.direct_output
                0x00000000000009c0       0x9c ./src/virtual_cane.o
                0x00000000000009c0                direct_output
 .text.pwm_sleep
                0x0000000000000a5c       0x30 ./src/virtual_cane.o
                0x0000000000000a5c                pwm_sleep
 .text.lidar_sleep
                0x0000000000000a8c       0x18 ./src/virtual_cane.o
                0x0000000000000a8c                lidar_sleep
 .text.lidar_wake
                0x0000000000000aa4       0x18 ./src/virtual_cane.o
                0x0000000000000aa4                lidar_wake
 .text.lidar_init
                0x0000000000000abc       0x18 ./src/virtual_cane.o
                0x0000000000000abc                lidar_init
 .text.lidar_request
                0x0000000000000ad4       0x24 ./src/virtual_cane.o
                0x0000000000000ad4                lidar_request
 .text.lidar_read
                0x0000000000000af8       0x5c ./src/virtual_cane.o
                0x0000000000000af8                lidar_read
 .text.accel_enable_interrupt_output
                0x0000000000000b54       0x4c ./src/virtual_cane.o
                0x0000000000000b54                accel_enable_interrupt_output
 .text.accel_init
                0x0000000000000ba0       0x64 ./src/virtual_cane.o
                0x0000000000000ba0                accel_init
 .text.initialize_sleep_interrupt
                0x0000000000000c04       0x54 ./src/virtual_cane.o
                0x0000000000000c04                initialize_sleep_interrupt
 .text.EINT3_IRQHandler
                0x0000000000000c58      0x17c ./src/virtual_cane.o
                0x0000000000000c58                EINT3_IRQHandler
 .text.SysTick_Handler
                0x0000000000000dd4       0x70 ./src/virtual_cane.o
                0x0000000000000dd4                SysTick_Handler
 .text.main     0x0000000000000e44       0x64 ./src/virtual_cane.o
                0x0000000000000e44                main
 .text.Chip_IOCON_Init
                0x0000000000000ea8       0x18 /Users/tomdeeds/Documents/LPCXpresso_8.2.2/workspace/lpc_board_nxp_lpcxpresso_1769/Debug/liblpc_board_nxp_lpcxpresso_1769.a(board.o)
 .text.Chip_IOCON_EnableOD
                0x0000000000000ec0       0x38 /Users/tomdeeds/Documents/LPCXpresso_8.2.2/workspace/lpc_board_nxp_lpcxpresso_1769/Debug/liblpc_board_nxp_lpcxpresso_1769.a(board.o)
 .text.Chip_IOCON_SetI2CPad
                0x0000000000000ef8       0x1c /Users/tomdeeds/Documents/LPCXpresso_8.2.2/workspace/lpc_board_nxp_lpcxpresso_1769/Debug/liblpc_board_nxp_lpcxpresso_1769.a(board.o)
 .text.Chip_GPIO_Init
                0x0000000000000f14       0x18 /Users/tomdeeds/Documents/LPCXpresso_8.2.2/workspace/lpc_board_nxp_lpcxpresso_1769/Debug/liblpc_board_nxp_lpcxpresso_1769.a(board.o)
 .text.Chip_GPIO_SetPinState
                0x0000000000000f2c       0x68 /Users/tomdeeds/Documents/LPCXpresso_8.2.2/workspace/lpc_board_nxp_lpcxpresso_1769/Debug/liblpc_board_nxp_lpcxpresso_1769.a(board.o)
 .text.Chip_GPIO_WritePortBit
                0x0000000000000f94       0x2c /Users/tomdeeds/Documents/LPCXpresso_8.2.2/workspace/lpc_board_nxp_lpcxpresso_1769/Debug/liblpc_board_nxp_lpcxpresso_1769.a(board.o)
 .text.Chip_GPIO_GetPinState
                0x0000000000000fc0       0x38 /Users/tomdeeds/Documents/LPCXpresso_8.2.2/workspace/lpc_board_nxp_lpcxpresso_1769/Debug/liblpc_board_nxp_lpcxpresso_1769.a(board.o)
 .text.Chip_GPIO_ReadPortBit
                0x0000000000000ff8       0x28 /Users/tomdeeds/Documents/LPCXpresso_8.2.2/workspace/lpc_board_nxp_lpcxpresso_1769/Debug/liblpc_board_nxp_lpcxpresso_1769.a(board.o)
 .text.Chip_GPIO_SetPinDIROutput
                0x0000000000001020       0x38 /Users/tomdeeds/Documents/LPCXpresso_8.2.2/workspace/lpc_board_nxp_lpcxpresso_1769/Debug/liblpc_board_nxp_lpcxpresso_1769.a(board.o)
 .text.Chip_GPIO_SetPinDIRInput
                0x0000000000001058       0x3c /Users/tomdeeds/Documents/LPCXpresso_8.2.2/workspace/lpc_board_nxp_lpcxpresso_1769/Debug/liblpc_board_nxp_lpcxpresso_1769.a(board.o)
 .text.Chip_GPIO_SetPinDIR
                0x0000000000001094       0x44 /Users/tomdeeds/Documents/LPCXpresso_8.2.2/workspace/lpc_board_nxp_lpcxpresso_1769/Debug/liblpc_board_nxp_lpcxpresso_1769.a(board.o)
 .text.Chip_GPIO_WriteDirBit
                0x00000000000010d8       0x30 /Users/tomdeeds/Documents/LPCXpresso_8.2.2/workspace/lpc_board_nxp_lpcxpresso_1769/Debug/liblpc_board_nxp_lpcxpresso_1769.a(board.o)
 .text.Board_LED_Init
                0x0000000000001108       0x18 /Users/tomdeeds/Documents/LPCXpresso_8.2.2/workspace/lpc_board_nxp_lpcxpresso_1769/Debug/liblpc_board_nxp_lpcxpresso_1769.a(board.o)
 .text.Board_LED_Set
                0x0000000000001120       0x30 /Users/tomdeeds/Documents/LPCXpresso_8.2.2/workspace/lpc_board_nxp_lpcxpresso_1769/Debug/liblpc_board_nxp_lpcxpresso_1769.a(board.o)
                0x0000000000001120                Board_LED_Set
 .text.Board_LED_Test
                0x0000000000001150       0x30 /Users/tomdeeds/Documents/LPCXpresso_8.2.2/workspace/lpc_board_nxp_lpcxpresso_1769/Debug/liblpc_board_nxp_lpcxpresso_1769.a(board.o)
                0x0000000000001150                Board_LED_Test
 .text.Board_LED_Toggle
                0x0000000000001180       0x44 /Users/tomdeeds/Documents/LPCXpresso_8.2.2/workspace/lpc_board_nxp_lpcxpresso_1769/Debug/liblpc_board_nxp_lpcxpresso_1769.a(board.o)
                0x0000000000001180                Board_LED_Toggle
 .text.Board_Init
                0x00000000000011c4       0x20 /Users/tomdeeds/Documents/LPCXpresso_8.2.2/workspace/lpc_board_nxp_lpcxpresso_1769/Debug/liblpc_board_nxp_lpcxpresso_1769.a(board.o)
                0x00000000000011c4                Board_Init
 .text.Board_I2C_Init
                0x00000000000011e4       0xbc /Users/tomdeeds/Documents/LPCXpresso_8.2.2/workspace/lpc_board_nxp_lpcxpresso_1769/Debug/liblpc_board_nxp_lpcxpresso_1769.a(board.o)
                0x00000000000011e4                Board_I2C_Init
 .text.Chip_SYSCTL_SetFLASHAccess
                0x00000000000012a0       0x30 /Users/tomdeeds/Documents/LPCXpresso_8.2.2/workspace/lpc_board_nxp_lpcxpresso_1769/Debug/liblpc_board_nxp_lpcxpresso_1769.a(board_sysinit.o)
 .text.Board_SetupMuxing
                0x00000000000012d0       0x1c /Users/tomdeeds/Documents/LPCXpresso_8.2.2/workspace/lpc_board_nxp_lpcxpresso_1769/Debug/liblpc_board_nxp_lpcxpresso_1769.a(board_sysinit.o)
                0x00000000000012d0                Board_SetupMuxing
 .text.Board_SetupClocking
                0x00000000000012ec       0x14 /Users/tomdeeds/Documents/LPCXpresso_8.2.2/workspace/lpc_board_nxp_lpcxpresso_1769/Debug/liblpc_board_nxp_lpcxpresso_1769.a(board_sysinit.o)
                0x00000000000012ec                Board_SetupClocking
 .text.Board_SystemInit
                0x0000000000001300       0x10 /Users/tomdeeds/Documents/LPCXpresso_8.2.2/workspace/lpc_board_nxp_lpcxpresso_1769/Debug/liblpc_board_nxp_lpcxpresso_1769.a(board_sysinit.o)
                0x0000000000001300                Board_SystemInit
 .text.SystemCoreClockUpdate
                0x0000000000001310       0x18 /Users/tomdeeds/Documents/LPCXpresso_8.2.2/workspace/lpc_chip_175x_6x/Debug/liblpc_chip_175x_6x.a(chip_17xx_40xx.o)
                0x0000000000001310                SystemCoreClockUpdate
 .text.Chip_Clock_IsMainPLLEnabled
                0x0000000000001328       0x24 /Users/tomdeeds/Documents/LPCXpresso_8.2.2/workspace/lpc_chip_175x_6x/Debug/liblpc_chip_175x_6x.a(clock_17xx_40xx.o)
 .text.Chip_Clock_IsMainPLLConnected
                0x000000000000134c       0x24 /Users/tomdeeds/Documents/LPCXpresso_8.2.2/workspace/lpc_chip_175x_6x/Debug/liblpc_chip_175x_6x.a(clock_17xx_40xx.o)
 .text.Chip_Clock_FeedPLL
                0x0000000000001370       0x34 /Users/tomdeeds/Documents/LPCXpresso_8.2.2/workspace/lpc_chip_175x_6x/Debug/liblpc_chip_175x_6x.a(clock_17xx_40xx.o)
 .text.Chip_Clock_GetMainPLLSource
                0x00000000000013a4       0x20 /Users/tomdeeds/Documents/LPCXpresso_8.2.2/workspace/lpc_chip_175x_6x/Debug/liblpc_chip_175x_6x.a(clock_17xx_40xx.o)
 .text.Chip_Clock_GetMainOscRate
                0x00000000000013c4       0x14 /Users/tomdeeds/Documents/LPCXpresso_8.2.2/workspace/lpc_chip_175x_6x/Debug/liblpc_chip_175x_6x.a(clock_17xx_40xx.o)
 .text.Chip_Clock_GetIntOscRate
                0x00000000000013d8       0x14 /Users/tomdeeds/Documents/LPCXpresso_8.2.2/workspace/lpc_chip_175x_6x/Debug/liblpc_chip_175x_6x.a(clock_17xx_40xx.o)
 .text.Chip_Clock_GetRTCOscRate
                0x00000000000013ec       0x14 /Users/tomdeeds/Documents/LPCXpresso_8.2.2/workspace/lpc_chip_175x_6x/Debug/liblpc_chip_175x_6x.a(clock_17xx_40xx.o)
 .text.Chip_Clock_GetMainPLLInClockRate
                0x0000000000001400       0x10 /Users/tomdeeds/Documents/LPCXpresso_8.2.2/workspace/lpc_chip_175x_6x/Debug/liblpc_chip_175x_6x.a(clock_17xx_40xx.o)
 .text.Chip_Clock_EnablePLL
                0x0000000000001410       0x44 /Users/tomdeeds/Documents/LPCXpresso_8.2.2/workspace/lpc_chip_175x_6x/Debug/liblpc_chip_175x_6x.a(clock_17xx_40xx.o)
                0x0000000000001410                Chip_Clock_EnablePLL
 .text.Chip_Clock_DisablePLL
                0x0000000000001454       0x48 /Users/tomdeeds/Documents/LPCXpresso_8.2.2/workspace/lpc_chip_175x_6x/Debug/liblpc_chip_175x_6x.a(clock_17xx_40xx.o)
                0x0000000000001454                Chip_Clock_DisablePLL
 .text.Chip_Clock_SetupPLL
                0x000000000000149c       0x5c /Users/tomdeeds/Documents/LPCXpresso_8.2.2/workspace/lpc_chip_175x_6x/Debug/liblpc_chip_175x_6x.a(clock_17xx_40xx.o)
                0x000000000000149c                Chip_Clock_SetupPLL
 .text.Chip_Clock_EnablePeriphClock
                0x00000000000014f8       0x34 /Users/tomdeeds/Documents/LPCXpresso_8.2.2/workspace/lpc_chip_175x_6x/Debug/liblpc_chip_175x_6x.a(clock_17xx_40xx.o)
                0x00000000000014f8                Chip_Clock_EnablePeriphClock
 .text.Chip_Clock_GetCPUClockSource
                0x000000000000152c       0x24 /Users/tomdeeds/Documents/LPCXpresso_8.2.2/workspace/lpc_chip_175x_6x/Debug/liblpc_chip_175x_6x.a(clock_17xx_40xx.o)
                0x000000000000152c                Chip_Clock_GetCPUClockSource
 .text.Chip_Clock_SetCPUClockDiv
                0x0000000000001550       0x20 /Users/tomdeeds/Documents/LPCXpresso_8.2.2/workspace/lpc_chip_175x_6x/Debug/liblpc_chip_175x_6x.a(clock_17xx_40xx.o)
                0x0000000000001550                Chip_Clock_SetCPUClockDiv
 .text.Chip_Clock_GetCPUClockDiv
                0x0000000000001570       0x1c /Users/tomdeeds/Documents/LPCXpresso_8.2.2/workspace/lpc_chip_175x_6x/Debug/liblpc_chip_175x_6x.a(clock_17xx_40xx.o)
                0x0000000000001570                Chip_Clock_GetCPUClockDiv
 .text.Chip_Clock_GetPCLKDiv
                0x000000000000158c       0x8c /Users/tomdeeds/Documents/LPCXpresso_8.2.2/workspace/lpc_chip_175x_6x/Debug/liblpc_chip_175x_6x.a(clock_17xx_40xx.o)
                0x000000000000158c                Chip_Clock_GetPCLKDiv
 .text.Chip_Clock_GetSYSCLKRate
                0x0000000000001618       0x34 /Users/tomdeeds/Documents/LPCXpresso_8.2.2/workspace/lpc_chip_175x_6x/Debug/liblpc_chip_175x_6x.a(clock_17xx_40xx.o)
                0x0000000000001618                Chip_Clock_GetSYSCLKRate
 .text.Chip_Clock_GetMainPLLOutClockRate
                0x000000000000164c       0x54 /Users/tomdeeds/Documents/LPCXpresso_8.2.2/workspace/lpc_chip_175x_6x/Debug/liblpc_chip_175x_6x.a(clock_17xx_40xx.o)
                0x000000000000164c                Chip_Clock_GetMainPLLOutClockRate
 .text.Chip_Clock_GetMainClockRate
                0x00000000000016a0       0x28 /Users/tomdeeds/Documents/LPCXpresso_8.2.2/workspace/lpc_chip_175x_6x/Debug/liblpc_chip_175x_6x.a(clock_17xx_40xx.o)
                0x00000000000016a0                Chip_Clock_GetMainClockRate
 .text.Chip_Clock_GetSystemClockRate
                0x00000000000016c8       0x18 /Users/tomdeeds/Documents/LPCXpresso_8.2.2/workspace/lpc_chip_175x_6x/Debug/liblpc_chip_175x_6x.a(clock_17xx_40xx.o)
                0x00000000000016c8                Chip_Clock_GetSystemClockRate
 .text.Chip_Clock_GetPeripheralClockRate
                0x00000000000016e0       0x28 /Users/tomdeeds/Documents/LPCXpresso_8.2.2/workspace/lpc_chip_175x_6x/Debug/liblpc_chip_175x_6x.a(clock_17xx_40xx.o)
                0x00000000000016e0                Chip_Clock_GetPeripheralClockRate
 .text.enableClk
                0x0000000000001708       0x30 /Users/tomdeeds/Documents/LPCXpresso_8.2.2/workspace/lpc_chip_175x_6x/Debug/liblpc_chip_175x_6x.a(i2c_17xx_40xx.o)
 .text.getClkRate
                0x0000000000001738       0x24 /Users/tomdeeds/Documents/LPCXpresso_8.2.2/workspace/lpc_chip_175x_6x/Debug/liblpc_chip_175x_6x.a(i2c_17xx_40xx.o)
 .text.startMasterXfer
                0x000000000000175c       0x20 /Users/tomdeeds/Documents/LPCXpresso_8.2.2/workspace/lpc_chip_175x_6x/Debug/liblpc_chip_175x_6x.a(i2c_17xx_40xx.o)
 .text.startSlaverXfer
                0x000000000000177c       0x20 /Users/tomdeeds/Documents/LPCXpresso_8.2.2/workspace/lpc_chip_175x_6x/Debug/liblpc_chip_175x_6x.a(i2c_17xx_40xx.o)
 .text.isI2CBusFree
                0x000000000000179c       0x24 /Users/tomdeeds/Documents/LPCXpresso_8.2.2/workspace/lpc_chip_175x_6x/Debug/liblpc_chip_175x_6x.a(i2c_17xx_40xx.o)
 .text.getCurState
                0x00000000000017c0       0x1c /Users/tomdeeds/Documents/LPCXpresso_8.2.2/workspace/lpc_chip_175x_6x/Debug/liblpc_chip_175x_6x.a(i2c_17xx_40xx.o)
 .text.isMasterState
                0x00000000000017dc       0x24 /Users/tomdeeds/Documents/LPCXpresso_8.2.2/workspace/lpc_chip_175x_6x/Debug/liblpc_chip_175x_6x.a(i2c_17xx_40xx.o)
 .text.isSlaveAddrMatching
                0x0000000000001800       0x40 /Users/tomdeeds/Documents/LPCXpresso_8.2.2/workspace/lpc_chip_175x_6x/Debug/liblpc_chip_175x_6x.a(i2c_17xx_40xx.o)
 .text.lookupSlaveIndex
                0x0000000000001840       0x9c /Users/tomdeeds/Documents/LPCXpresso_8.2.2/workspace/lpc_chip_175x_6x/Debug/liblpc_chip_175x_6x.a(i2c_17xx_40xx.o)
 .text.handleMasterXferState
                0x00000000000018dc      0x284 /Users/tomdeeds/Documents/LPCXpresso_8.2.2/workspace/lpc_chip_175x_6x/Debug/liblpc_chip_175x_6x.a(i2c_17xx_40xx.o)
                0x00000000000018dc                handleMasterXferState
 .text.getSlaveIndex
                0x0000000000001b60       0x4c /Users/tomdeeds/Documents/LPCXpresso_8.2.2/workspace/lpc_chip_175x_6x/Debug/liblpc_chip_175x_6x.a(i2c_17xx_40xx.o)
                0x0000000000001b60                getSlaveIndex
 .text.handleSlaveXferState
                0x0000000000001bac      0x2b8 /Users/tomdeeds/Documents/LPCXpresso_8.2.2/workspace/lpc_chip_175x_6x/Debug/liblpc_chip_175x_6x.a(i2c_17xx_40xx.o)
                0x0000000000001bac                handleSlaveXferState
 .text.Chip_I2C_EventHandler
                0x0000000000001e64       0x4c /Users/tomdeeds/Documents/LPCXpresso_8.2.2/workspace/lpc_chip_175x_6x/Debug/liblpc_chip_175x_6x.a(i2c_17xx_40xx.o)
                0x0000000000001e64                Chip_I2C_EventHandler
 .text.Chip_I2C_EventHandlerPolling
                0x0000000000001eb0       0x60 /Users/tomdeeds/Documents/LPCXpresso_8.2.2/workspace/lpc_chip_175x_6x/Debug/liblpc_chip_175x_6x.a(i2c_17xx_40xx.o)
                0x0000000000001eb0                Chip_I2C_EventHandlerPolling
 .text.Chip_I2C_Init
                0x0000000000001f10       0x34 /Users/tomdeeds/Documents/LPCXpresso_8.2.2/workspace/lpc_chip_175x_6x/Debug/liblpc_chip_175x_6x.a(i2c_17xx_40xx.o)
                0x0000000000001f10                Chip_I2C_Init
 .text.Chip_I2C_SetClockRate
                0x0000000000001f44       0x68 /Users/tomdeeds/Documents/LPCXpresso_8.2.2/workspace/lpc_chip_175x_6x/Debug/liblpc_chip_175x_6x.a(i2c_17xx_40xx.o)
                0x0000000000001f44                Chip_I2C_SetClockRate
 .text.Chip_I2C_SetMasterEventHandler
                0x0000000000001fac       0x48 /Users/tomdeeds/Documents/LPCXpresso_8.2.2/workspace/lpc_chip_175x_6x/Debug/liblpc_chip_175x_6x.a(i2c_17xx_40xx.o)
                0x0000000000001fac                Chip_I2C_SetMasterEventHandler
 .text.Chip_I2C_MasterTransfer
                0x0000000000001ff4       0x9c /Users/tomdeeds/Documents/LPCXpresso_8.2.2/workspace/lpc_chip_175x_6x/Debug/liblpc_chip_175x_6x.a(i2c_17xx_40xx.o)
                0x0000000000001ff4                Chip_I2C_MasterTransfer
 .text.Chip_I2C_MasterSend
                0x0000000000002090       0x58 /Users/tomdeeds/Documents/LPCXpresso_8.2.2/workspace/lpc_chip_175x_6x/Debug/liblpc_chip_175x_6x.a(i2c_17xx_40xx.o)
                0x0000000000002090                Chip_I2C_MasterSend
 .text.Chip_I2C_MasterCmdRead
                0x00000000000020e8       0x60 /Users/tomdeeds/Documents/LPCXpresso_8.2.2/workspace/lpc_chip_175x_6x/Debug/liblpc_chip_175x_6x.a(i2c_17xx_40xx.o)
                0x00000000000020e8                Chip_I2C_MasterCmdRead
 .text.Chip_I2C_MasterRead
                0x0000000000002148       0x54 /Users/tomdeeds/Documents/LPCXpresso_8.2.2/workspace/lpc_chip_175x_6x/Debug/liblpc_chip_175x_6x.a(i2c_17xx_40xx.o)
                0x0000000000002148                Chip_I2C_MasterRead
 .text.Chip_I2C_IsMasterActive
                0x000000000000219c       0x30 /Users/tomdeeds/Documents/LPCXpresso_8.2.2/workspace/lpc_chip_175x_6x/Debug/liblpc_chip_175x_6x.a(i2c_17xx_40xx.o)
                0x000000000000219c                Chip_I2C_IsMasterActive
 .text.Chip_I2C_MasterStateHandler
                0x00000000000021cc       0x60 /Users/tomdeeds/Documents/LPCXpresso_8.2.2/workspace/lpc_chip_175x_6x/Debug/liblpc_chip_175x_6x.a(i2c_17xx_40xx.o)
                0x00000000000021cc                Chip_I2C_MasterStateHandler
 .text.Chip_I2C_SlaveStateHandler
                0x000000000000222c       0xc0 /Users/tomdeeds/Documents/LPCXpresso_8.2.2/workspace/lpc_chip_175x_6x/Debug/liblpc_chip_175x_6x.a(i2c_17xx_40xx.o)
                0x000000000000222c                Chip_I2C_SlaveStateHandler
 .text.Chip_I2C_IsStateChanged
                0x00000000000022ec       0x38 /Users/tomdeeds/Documents/LPCXpresso_8.2.2/workspace/lpc_chip_175x_6x/Debug/liblpc_chip_175x_6x.a(i2c_17xx_40xx.o)
                0x00000000000022ec                Chip_I2C_IsStateChanged
 .text.Chip_IOCON_PinMuxSet
                0x0000000000002324       0x38 /Users/tomdeeds/Documents/LPCXpresso_8.2.2/workspace/lpc_chip_175x_6x/Debug/liblpc_chip_175x_6x.a(iocon_17xx_40xx.o)
                0x0000000000002324                Chip_IOCON_PinMuxSet
 .text.Chip_IOCON_PinMux
                0x000000000000235c       0x94 /Users/tomdeeds/Documents/LPCXpresso_8.2.2/workspace/lpc_chip_175x_6x/Debug/liblpc_chip_175x_6x.a(iocon_17xx_40xx.o)
                0x000000000000235c                Chip_IOCON_PinMux
 .text.Chip_IOCON_SetPinMuxing
                0x00000000000023f0       0x64 /Users/tomdeeds/Documents/LPCXpresso_8.2.2/workspace/lpc_chip_175x_6x/Debug/liblpc_chip_175x_6x.a(iocon_17xx_40xx.o)
                0x00000000000023f0                Chip_IOCON_SetPinMuxing
 .text.Chip_PWM_Reset
                0x0000000000002454       0x38 /Users/tomdeeds/Documents/LPCXpresso_8.2.2/workspace/lpc_chip_175x_6x/Debug/liblpc_chip_175x_6x.a(pwm_17xx_40xx.o)
                0x0000000000002454                Chip_PWM_Reset
 .text.Chip_Clock_IsMainPLLEnabled
                0x000000000000248c       0x24 /Users/tomdeeds/Documents/LPCXpresso_8.2.2/workspace/lpc_chip_175x_6x/Debug/liblpc_chip_175x_6x.a(sysinit_17xx_40xx.o)
 .text.Chip_Clock_IsMainPLLLocked
                0x00000000000024b0       0x24 /Users/tomdeeds/Documents/LPCXpresso_8.2.2/workspace/lpc_chip_175x_6x/Debug/liblpc_chip_175x_6x.a(sysinit_17xx_40xx.o)
 .text.Chip_Clock_IsMainPLLConnected
                0x00000000000024d4       0x24 /Users/tomdeeds/Documents/LPCXpresso_8.2.2/workspace/lpc_chip_175x_6x/Debug/liblpc_chip_175x_6x.a(sysinit_17xx_40xx.o)
 .text.Chip_Clock_EnableCrystal
                0x00000000000024f8       0x20 /Users/tomdeeds/Documents/LPCXpresso_8.2.2/workspace/lpc_chip_175x_6x/Debug/liblpc_chip_175x_6x.a(sysinit_17xx_40xx.o)
 .text.Chip_Clock_IsCrystalEnabled
                0x0000000000002518       0x24 /Users/tomdeeds/Documents/LPCXpresso_8.2.2/workspace/lpc_chip_175x_6x/Debug/liblpc_chip_175x_6x.a(sysinit_17xx_40xx.o)
 .text.Chip_Clock_SetMainPLLSource
                0x000000000000253c       0x20 /Users/tomdeeds/Documents/LPCXpresso_8.2.2/workspace/lpc_chip_175x_6x/Debug/liblpc_chip_175x_6x.a(sysinit_17xx_40xx.o)
 .text.Chip_SetupXtalClocking
                0x000000000000255c       0x90 /Users/tomdeeds/Documents/LPCXpresso_8.2.2/workspace/lpc_chip_175x_6x/Debug/liblpc_chip_175x_6x.a(sysinit_17xx_40xx.o)
                0x000000000000255c                Chip_SetupXtalClocking
 .text.__main   0x00000000000025ec       0x14 /Applications/lpcxpresso_8.2.2_650/lpcxpresso/tools/bin/../lib/gcc/arm-none-eabi/5.4.1/../../../../arm-none-eabi/lib/armv7-m/libcr_semihost.a(_cr__main.o)
                0x00000000000025ec                __main
                0x00000000000025ec                __CR_SEMIHOST
 .text.memcpy   0x0000000000002600        0x4 /Applications/lpcxpresso_8.2.2_650/lpcxpresso/tools/bin/../lib/gcc/arm-none-eabi/5.4.1/../../../../arm-none-eabi/lib/armv7-m/libcr_c.a(memcpy.o)
                0x0000000000002600                memcpy
 .text._initio  0x0000000000002604       0xa4 /Applications/lpcxpresso_8.2.2_650/lpcxpresso/tools/bin/../lib/gcc/arm-none-eabi/5.4.1/../../../../arm-none-eabi/lib/armv7-m/libcr_c.a(initio.o)
                0x0000000000002604                _initio
 .text.setvbuf  0x00000000000026a8       0x40 /Applications/lpcxpresso_8.2.2_650/lpcxpresso/tools/bin/../lib/gcc/arm-none-eabi/5.4.1/../../../../arm-none-eabi/lib/armv7-m/libcr_c.a(setvbuf.o)
                0x00000000000026a8                setvbuf
 .text.memset   0x00000000000026e8        0x4 /Applications/lpcxpresso_8.2.2_650/lpcxpresso/tools/bin/../lib/gcc/arm-none-eabi/5.4.1/../../../../arm-none-eabi/lib/armv7-m/libcr_c.a(memset.o)
                0x00000000000026e8                memset
 .text._deferredlazyseek
                0x00000000000026ec       0x44 /Applications/lpcxpresso_8.2.2_650/lpcxpresso/tools/bin/../lib/gcc/arm-none-eabi/5.4.1/../../../../arm-none-eabi/lib/armv7-m/libcr_c.a(_deferredlazyseek.o)
                0x00000000000026ec                _deferredlazyseek
 .text._fdopen  0x0000000000002730       0x6a /Applications/lpcxpresso_8.2.2_650/lpcxpresso/tools/bin/../lib/gcc/arm-none-eabi/5.4.1/../../../../arm-none-eabi/lib/armv7-m/libcr_c.a(_fdopen.o)
                0x0000000000002730                _fdopen
 .text._fflush  0x000000000000279a       0x58 /Applications/lpcxpresso_8.2.2_650/lpcxpresso/tools/bin/../lib/gcc/arm-none-eabi/5.4.1/../../../../arm-none-eabi/lib/armv7-m/libcr_c.a(_fflush.o)
                0x000000000000279a                _fflush
 *fill*         0x00000000000027f2        0x2 ff
 .text._Cwritebuf
                0x00000000000027f4       0x68 /Applications/lpcxpresso_8.2.2_650/lpcxpresso/tools/bin/../lib/gcc/arm-none-eabi/5.4.1/../../../../arm-none-eabi/lib/armv7-m/libcr_c.a(_writebuf.o)
                0x00000000000027f4                _Cwritebuf
 .text.malloc   0x000000000000285c       0xc8 /Applications/lpcxpresso_8.2.2_650/lpcxpresso/tools/bin/../lib/gcc/arm-none-eabi/5.4.1/../../../../arm-none-eabi/lib/armv7-m/libcr_c.a(alloc.o)
                0x000000000000285c                malloc
 .text.free     0x0000000000002924       0x30 /Applications/lpcxpresso_8.2.2_650/lpcxpresso/tools/bin/../lib/gcc/arm-none-eabi/5.4.1/../../../../arm-none-eabi/lib/armv7-m/libcr_c.a(alloc.o)
                0x0000000000002924                free
 .text._Csys_alloc
                0x0000000000002954       0x20 /Applications/lpcxpresso_8.2.2_650/lpcxpresso/tools/bin/../lib/gcc/arm-none-eabi/5.4.1/../../../../arm-none-eabi/lib/armv7-m/libcr_c.a(alloc.o)
                0x0000000000002954                _Csys_alloc
 .text.fclose   0x0000000000002974       0x6c /Applications/lpcxpresso_8.2.2_650/lpcxpresso/tools/bin/../lib/gcc/arm-none-eabi/5.4.1/../../../../arm-none-eabi/lib/armv7-m/libcr_c.a(fclose.o)
                0x0000000000002974                fclose
 .text.fflush   0x00000000000029e0       0x30 /Applications/lpcxpresso_8.2.2_650/lpcxpresso/tools/bin/../lib/gcc/arm-none-eabi/5.4.1/../../../../arm-none-eabi/lib/armv7-m/libcr_c.a(fflush.o)
                0x00000000000029e0                fflush
 .text.fseek    0x0000000000002a10      0x110 /Applications/lpcxpresso_8.2.2_650/lpcxpresso/tools/bin/../lib/gcc/arm-none-eabi/5.4.1/../../../../arm-none-eabi/lib/armv7-m/libcr_c.a(fseek.o)
                0x0000000000002a10                fseek
 .text.ftell    0x0000000000002b20       0x4c /Applications/lpcxpresso_8.2.2_650/lpcxpresso/tools/bin/../lib/gcc/arm-none-eabi/5.4.1/../../../../arm-none-eabi/lib/armv7-m/libcr_c.a(ftell.o)
                0x0000000000002b20                ftell
 .text.remove   0x0000000000002b6c       0x14 /Applications/lpcxpresso_8.2.2_650/lpcxpresso/tools/bin/../lib/gcc/arm-none-eabi/5.4.1/../../../../arm-none-eabi/lib/armv7-m/libcr_c.a(remove.o)
                0x0000000000002b6c                remove
 .text.strlen   0x0000000000002b80       0x4a /Applications/lpcxpresso_8.2.2_650/lpcxpresso/tools/bin/../lib/gcc/arm-none-eabi/5.4.1/../../../../arm-none-eabi/lib/armv7-m/libcr_c.a(strlen.o)
                0x0000000000002b80                strlen
 *fill*         0x0000000000002bca        0x2 ff
 .text._sbrk    0x0000000000002bcc       0x40 /Applications/lpcxpresso_8.2.2_650/lpcxpresso/tools/bin/../lib/gcc/arm-none-eabi/5.4.1/../../../../arm-none-eabi/lib/armv7-m/libcr_c.a(_cr_sbrk.o)
                0x0000000000002bcc                _sbrk
 .text._do_fflush
                0x0000000000002c0c       0x44 /Applications/lpcxpresso_8.2.2_650/lpcxpresso/tools/bin/../lib/gcc/arm-none-eabi/5.4.1/../../../../arm-none-eabi/lib/armv7-m/libcr_c.a(_do_fflush.o)
                0x0000000000002c0c                _do_fflush
 .text.__check_heap_overflow
                0x0000000000002c50       0x18 /Applications/lpcxpresso_8.2.2_650/lpcxpresso/tools/bin/../lib/gcc/arm-none-eabi/5.4.1/../../../../arm-none-eabi/lib/armv7-m/libcr_c.a(_cr_check_heap.o)
                0x0000000000002c50                __check_heap_overflow
 .text.__aeabi_memcpy
                0x0000000000002c68       0x34 /Applications/lpcxpresso_8.2.2_650/lpcxpresso/tools/bin/../lib/gcc/arm-none-eabi/5.4.1/armv7-m/libcr_eabihelpers.a(memcpy.o)
                0x0000000000002c68                __aeabi_memcpy
                0x0000000000002c72                __aeabi_memcpy4
                0x0000000000002c72                __aeabi_memcpy8
 .text.__aeabi_memset_lowlevel
                0x0000000000002c9c       0x32 /Applications/lpcxpresso_8.2.2_650/lpcxpresso/tools/bin/../lib/gcc/arm-none-eabi/5.4.1/armv7-m/libcr_eabihelpers.a(memcpy.o)
                0x0000000000002c9c                __aeabi_lowlevel_memset
 *fill*         0x0000000000002cce        0x2 ff
 .text.__sys_appexit
                0x0000000000002cd0        0xc /Applications/lpcxpresso_8.2.2_650/lpcxpresso/tools/bin/../lib/gcc/arm-none-eabi/5.4.1/../../../../arm-none-eabi/lib/armv7-m/libcr_semihost.a(__sys_appexit.o)
                0x0000000000002cd0                __exit
                0x0000000000002cd0                __sys_appexit
 .text.__sys_close
                0x0000000000002cdc        0xc /Applications/lpcxpresso_8.2.2_650/lpcxpresso/tools/bin/../lib/gcc/arm-none-eabi/5.4.1/../../../../arm-none-eabi/lib/armv7-m/libcr_semihost.a(__sys_close.o)
                0x0000000000002cdc                __sys_close
 .text.__sys_flen
                0x0000000000002ce8        0xc /Applications/lpcxpresso_8.2.2_650/lpcxpresso/tools/bin/../lib/gcc/arm-none-eabi/5.4.1/../../../../arm-none-eabi/lib/armv7-m/libcr_semihost.a(__sys_flen.o)
                0x0000000000002ce8                __sys_flen
 .text.__sys_istty
                0x0000000000002cf4        0xc /Applications/lpcxpresso_8.2.2_650/lpcxpresso/tools/bin/../lib/gcc/arm-none-eabi/5.4.1/../../../../arm-none-eabi/lib/armv7-m/libcr_semihost.a(__sys_istty.o)
                0x0000000000002cf4                __sys_istty
 .text.__sys_remove
                0x0000000000002d00        0xc /Applications/lpcxpresso_8.2.2_650/lpcxpresso/tools/bin/../lib/gcc/arm-none-eabi/5.4.1/../../../../arm-none-eabi/lib/armv7-m/libcr_semihost.a(__sys_remove.o)
                0x0000000000002d00                __sys_remove
 .text.__sys_seek
                0x0000000000002d0c        0xc /Applications/lpcxpresso_8.2.2_650/lpcxpresso/tools/bin/../lib/gcc/arm-none-eabi/5.4.1/../../../../arm-none-eabi/lib/armv7-m/libcr_semihost.a(__sys_seek.o)
                0x0000000000002d0c                __sys_seek
 .text.__sys_tmpnam
                0x0000000000002d18        0xc /Applications/lpcxpresso_8.2.2_650/lpcxpresso/tools/bin/../lib/gcc/arm-none-eabi/5.4.1/../../../../arm-none-eabi/lib/armv7-m/libcr_semihost.a(__sys_tmpnam.o)
                0x0000000000002d18                __sys_tmpnam
 .text.__sys_write
                0x0000000000002d24        0xc /Applications/lpcxpresso_8.2.2_650/lpcxpresso/tools/bin/../lib/gcc/arm-none-eabi/5.4.1/../../../../arm-none-eabi/lib/armv7-m/libcr_semihost.a(__sys_write.o)
                0x0000000000002d24                __write
                0x0000000000002d24                __sys_write
 *(.rodata .rodata.* .constdata .constdata.*)
 .rodata.OscRateIn
                0x0000000000002d30        0x4 /Users/tomdeeds/Documents/LPCXpresso_8.2.2/workspace/lpc_board_nxp_lpcxpresso_1769/Debug/liblpc_board_nxp_lpcxpresso_1769.a(board.o)
                0x0000000000002d30                OscRateIn
 .rodata.RTCOscRateIn
                0x0000000000002d34        0x4 /Users/tomdeeds/Documents/LPCXpresso_8.2.2/workspace/lpc_board_nxp_lpcxpresso_1769/Debug/liblpc_board_nxp_lpcxpresso_1769.a(board.o)
                0x0000000000002d34                RTCOscRateIn
 .rodata.pinmuxing
                0x0000000000002d38       0x5c /Users/tomdeeds/Documents/LPCXpresso_8.2.2/workspace/lpc_board_nxp_lpcxpresso_1769/Debug/liblpc_board_nxp_lpcxpresso_1769.a(board_sysinit.o)
 .rodata.I2C_PeriphClk
                0x0000000000002d94        0x3 /Users/tomdeeds/Documents/LPCXpresso_8.2.2/workspace/lpc_chip_175x_6x/Debug/liblpc_chip_175x_6x.a(i2c_17xx_40xx.o)
 .rodata.str1.1
                0x0000000000002d97        0x4 /Applications/lpcxpresso_8.2.2_650/lpcxpresso/tools/bin/../lib/gcc/arm-none-eabi/5.4.1/../../../../arm-none-eabi/lib/armv7-m/libcr_c.a(initio.o)
 .rodata.str1.1
                0x0000000000002d9b       0x18 /Applications/lpcxpresso_8.2.2_650/lpcxpresso/tools/bin/../lib/gcc/arm-none-eabi/5.4.1/../../../../arm-none-eabi/lib/armv7-m/libcr_c.a(alloc.o)
                0x0000000000002db4                . = ALIGN (0x4)
 *fill*         0x0000000000002db3        0x1 ff

.glue_7         0x0000000000002db4        0x0
 .glue_7        0x0000000000002db4        0x0 linker stubs

.glue_7t        0x0000000000002db4        0x0
 .glue_7t       0x0000000000002db4        0x0 linker stubs

.vfp11_veneer   0x0000000000002db4        0x0
 .vfp11_veneer  0x0000000000002db4        0x0 linker stubs

.v4_bx          0x0000000000002db4        0x0
 .v4_bx         0x0000000000002db4        0x0 linker stubs

.iplt           0x0000000000002db4        0x0
 .iplt          0x0000000000002db4        0x0 ./src/cr_startup_lpc175x_6x.o

.rel.dyn        0x0000000000002db4        0x0
 .rel.iplt      0x0000000000002db4        0x0 ./src/cr_startup_lpc175x_6x.o

.ARM.extab
 *(.ARM.extab* .gnu.linkonce.armextab.*)
                0x0000000000002db4                __exidx_start = .

.ARM.exidx
 *(.ARM.exidx* .gnu.linkonce.armexidx.*)
                0x0000000000002db4                __exidx_end = .
                0x0000000000002db4                _etext = .

.data_RAM2      0x000000002007c000        0x0 load address 0x0000000000002db4
 FILL mask 0xff
                [!provide]                        PROVIDE (__start_data_RAM2, .)
 *(.ramfunc.$RAM2)
 *(.ramfunc.$RamAHB32)
 *(.data.$RAM2*)
 *(.data.$RamAHB32*)
                0x000000002007c000                . = ALIGN (0x4)
                [!provide]                        PROVIDE (__end_data_RAM2, .)

.uninit_RESERVED
                0x0000000010000000        0x0
 *(.bss.$RESERVED*)
                0x0000000010000000                . = ALIGN (0x4)
                0x0000000010000000                _end_uninit_RESERVED = .

.data           0x0000000010000000       0x58 load address 0x0000000000002db4
 FILL mask 0xff
                0x0000000010000000                _data = .
 *(vtable)
 *(.ramfunc*)
 *(.data*)
 .data.pTMR     0x0000000010000000        0x4 ./src/virtual_cane.o
 .data.i2c      0x0000000010000004       0x54 /Users/tomdeeds/Documents/LPCXpresso_8.2.2/workspace/lpc_chip_175x_6x/Debug/liblpc_chip_175x_6x.a(i2c_17xx_40xx.o)
                0x0000000010000058                . = ALIGN (0x4)
                0x0000000010000058                _edata = .

.igot.plt       0x0000000010000058        0x0 load address 0x0000000000002e0c
 .igot.plt      0x0000000010000058        0x0 ./src/cr_startup_lpc175x_6x.o

.bss_RAM2       0x000000002007c000        0x0
                [!provide]                        PROVIDE (__start_bss_RAM2, .)
 *(.bss.$RAM2*)
 *(.bss.$RamAHB32*)
                0x000000002007c000                . = ALIGN ((. != 0x0)?0x4:0x1)
                [!provide]                        PROVIDE (__end_bss_RAM2, .)

.bss            0x0000000010000058      0x1d0
                0x0000000010000058                _bss = .
 *(.bss*)
 .bss.mode_poll
                0x0000000010000058        0x4 ./src/virtual_cane.o
 .bss.i2c_slave
                0x000000001000005c       0x78 /Users/tomdeeds/Documents/LPCXpresso_8.2.2/workspace/lpc_chip_175x_6x/Debug/liblpc_chip_175x_6x.a(i2c_17xx_40xx.o)
 .bss._extra    0x00000000100000d4        0x4 /Applications/lpcxpresso_8.2.2_650/lpcxpresso/tools/bin/../lib/gcc/arm-none-eabi/5.4.1/../../../../arm-none-eabi/lib/armv7-m/libcr_c.a(initio.o)
                0x00000000100000d4                _extra
 .bss.__Ciob    0x00000000100000d8      0x140 /Applications/lpcxpresso_8.2.2_650/lpcxpresso/tools/bin/../lib/gcc/arm-none-eabi/5.4.1/../../../../arm-none-eabi/lib/armv7-m/libcr_c.a(stdio.o)
                0x00000000100000d8                __Ciob
 .bss.__heaps   0x0000000010000218        0x4 /Applications/lpcxpresso_8.2.2_650/lpcxpresso/tools/bin/../lib/gcc/arm-none-eabi/5.4.1/../../../../arm-none-eabi/lib/armv7-m/libcr_c.a(__init_alloc.o)
                0x0000000010000218                __heaps
 .bss.__end_of_heap
                0x000000001000021c        0x4 /Applications/lpcxpresso_8.2.2_650/lpcxpresso/tools/bin/../lib/gcc/arm-none-eabi/5.4.1/../../../../arm-none-eabi/lib/armv7-m/libcr_c.a(__init_alloc.o)
                0x000000001000021c                __end_of_heap
 .bss.errno     0x0000000010000220        0x4 /Applications/lpcxpresso_8.2.2_650/lpcxpresso/tools/bin/../lib/gcc/arm-none-eabi/5.4.1/../../../../arm-none-eabi/lib/armv7-m/libcr_c.a(errno.o)
                0x0000000010000220                errno
 *(COMMON)
 COMMON         0x0000000010000224        0x4 /Users/tomdeeds/Documents/LPCXpresso_8.2.2/workspace/lpc_chip_175x_6x/Debug/liblpc_chip_175x_6x.a(chip_17xx_40xx.o)
                0x0000000010000224                SystemCoreClock
                0x0000000010000228                . = ALIGN (0x4)
                0x0000000010000228                _ebss = .
                [!provide]                        PROVIDE (end, .)

.noinit_RAM2    0x000000002007c000        0x0
 *(.noinit.$RAM2*)
 *(.noinit.$RamAHB32*)
                0x000000002007c000                . = ALIGN (0x4)

.noinit         0x0000000010000228        0x0
                0x0000000010000228                _noinit = .
 *(.noinit*)
                0x0000000010000228                . = ALIGN (0x4)
                0x0000000010000228                _end_noinit = .
                0x0000000010000228                PROVIDE (_pvHeapStart, DEFINED (__user_heap_base)?__user_heap_base:.)
                0x0000000010008000                PROVIDE (_vStackTop, DEFINED (__user_stack_top)?__user_stack_top:(__top_RamLoc32 - 0x0))
                0xffffffffefff74b2                PROVIDE (__valid_user_code_checksum, (0x0 - ((((((_vStackTop + (ResetISR + 0x1)) + (NMI_Handler + 0x1)) + (HardFault_Handler + 0x1)) + (DEFINED (MemManage_Handler)?MemManage_Handler:0x0 + 0x1)) + (DEFINED (BusFault_Handler)?BusFault_Handler:0x0 + 0x1)) + (DEFINED (UsageFault_Handler)?UsageFault_Handler:0x0 + 0x1))))
OUTPUT(virtual_cane.axf elf32-littlearm)

.debug_info     0x0000000000000000     0x59ca
 .debug_info    0x0000000000000000      0x253 ./src/cr_startup_lpc175x_6x.o
 .debug_info    0x0000000000000253       0x3f ./src/crp.o
 .debug_info    0x0000000000000292      0x110 ./src/sysinit.o
 .debug_info    0x00000000000003a2     0x12b3 ./src/virtual_cane.o
 .debug_info    0x0000000000001655     0x135d /Users/tomdeeds/Documents/LPCXpresso_8.2.2/workspace/lpc_board_nxp_lpcxpresso_1769/Debug/liblpc_board_nxp_lpcxpresso_1769.a(board.o)
 .debug_info    0x00000000000029b2      0x591 /Users/tomdeeds/Documents/LPCXpresso_8.2.2/workspace/lpc_board_nxp_lpcxpresso_1769/Debug/liblpc_board_nxp_lpcxpresso_1769.a(board_sysinit.o)
 .debug_info    0x0000000000002f43      0x51e /Users/tomdeeds/Documents/LPCXpresso_8.2.2/workspace/lpc_chip_175x_6x/Debug/liblpc_chip_175x_6x.a(chip_17xx_40xx.o)
 .debug_info    0x0000000000003461      0xb62 /Users/tomdeeds/Documents/LPCXpresso_8.2.2/workspace/lpc_chip_175x_6x/Debug/liblpc_chip_175x_6x.a(clock_17xx_40xx.o)
 .debug_info    0x0000000000003fc3      0xe70 /Users/tomdeeds/Documents/LPCXpresso_8.2.2/workspace/lpc_chip_175x_6x/Debug/liblpc_chip_175x_6x.a(i2c_17xx_40xx.o)
 .debug_info    0x0000000000004e33      0x2e9 /Users/tomdeeds/Documents/LPCXpresso_8.2.2/workspace/lpc_chip_175x_6x/Debug/liblpc_chip_175x_6x.a(iocon_17xx_40xx.o)
 .debug_info    0x000000000000511c      0x475 /Users/tomdeeds/Documents/LPCXpresso_8.2.2/workspace/lpc_chip_175x_6x/Debug/liblpc_chip_175x_6x.a(pwm_17xx_40xx.o)
 .debug_info    0x0000000000005591      0x439 /Users/tomdeeds/Documents/LPCXpresso_8.2.2/workspace/lpc_chip_175x_6x/Debug/liblpc_chip_175x_6x.a(sysinit_17xx_40xx.o)

.debug_abbrev   0x0000000000000000     0x1458
 .debug_abbrev  0x0000000000000000       0xf5 ./src/cr_startup_lpc175x_6x.o
 .debug_abbrev  0x00000000000000f5       0x36 ./src/crp.o
 .debug_abbrev  0x000000000000012b       0xa3 ./src/sysinit.o
 .debug_abbrev  0x00000000000001ce      0x2f2 ./src/virtual_cane.o
 .debug_abbrev  0x00000000000004c0      0x36a /Users/tomdeeds/Documents/LPCXpresso_8.2.2/workspace/lpc_board_nxp_lpcxpresso_1769/Debug/liblpc_board_nxp_lpcxpresso_1769.a(board.o)
 .debug_abbrev  0x000000000000082a      0x15c /Users/tomdeeds/Documents/LPCXpresso_8.2.2/workspace/lpc_board_nxp_lpcxpresso_1769/Debug/liblpc_board_nxp_lpcxpresso_1769.a(board_sysinit.o)
 .debug_abbrev  0x0000000000000986      0x13c /Users/tomdeeds/Documents/LPCXpresso_8.2.2/workspace/lpc_chip_175x_6x/Debug/liblpc_chip_175x_6x.a(chip_17xx_40xx.o)
 .debug_abbrev  0x0000000000000ac2      0x2ec /Users/tomdeeds/Documents/LPCXpresso_8.2.2/workspace/lpc_chip_175x_6x/Debug/liblpc_chip_175x_6x.a(clock_17xx_40xx.o)
 .debug_abbrev  0x0000000000000dae      0x2ae /Users/tomdeeds/Documents/LPCXpresso_8.2.2/workspace/lpc_chip_175x_6x/Debug/liblpc_chip_175x_6x.a(i2c_17xx_40xx.o)
 .debug_abbrev  0x000000000000105c      0x126 /Users/tomdeeds/Documents/LPCXpresso_8.2.2/workspace/lpc_chip_175x_6x/Debug/liblpc_chip_175x_6x.a(iocon_17xx_40xx.o)
 .debug_abbrev  0x0000000000001182      0x161 /Users/tomdeeds/Documents/LPCXpresso_8.2.2/workspace/lpc_chip_175x_6x/Debug/liblpc_chip_175x_6x.a(pwm_17xx_40xx.o)
 .debug_abbrev  0x00000000000012e3      0x175 /Users/tomdeeds/Documents/LPCXpresso_8.2.2/workspace/lpc_chip_175x_6x/Debug/liblpc_chip_175x_6x.a(sysinit_17xx_40xx.o)

.debug_aranges  0x0000000000000000      0x718
 .debug_aranges
                0x0000000000000000       0x80 ./src/cr_startup_lpc175x_6x.o
 .debug_aranges
                0x0000000000000080       0x18 ./src/crp.o
 .debug_aranges
                0x0000000000000098       0x20 ./src/sysinit.o
 .debug_aranges
                0x00000000000000b8      0x190 ./src/virtual_cane.o
 .debug_aranges
                0x0000000000000248      0x150 /Users/tomdeeds/Documents/LPCXpresso_8.2.2/workspace/lpc_board_nxp_lpcxpresso_1769/Debug/liblpc_board_nxp_lpcxpresso_1769.a(board.o)
 .debug_aranges
                0x0000000000000398       0x38 /Users/tomdeeds/Documents/LPCXpresso_8.2.2/workspace/lpc_board_nxp_lpcxpresso_1769/Debug/liblpc_board_nxp_lpcxpresso_1769.a(board_sysinit.o)
 .debug_aranges
                0x00000000000003d0       0x38 /Users/tomdeeds/Documents/LPCXpresso_8.2.2/workspace/lpc_chip_175x_6x/Debug/liblpc_chip_175x_6x.a(chip_17xx_40xx.o)
 .debug_aranges
                0x0000000000000408      0x120 /Users/tomdeeds/Documents/LPCXpresso_8.2.2/workspace/lpc_chip_175x_6x/Debug/liblpc_chip_175x_6x.a(clock_17xx_40xx.o)
 .debug_aranges
                0x0000000000000528      0x118 /Users/tomdeeds/Documents/LPCXpresso_8.2.2/workspace/lpc_chip_175x_6x/Debug/liblpc_chip_175x_6x.a(i2c_17xx_40xx.o)
 .debug_aranges
                0x0000000000000640       0x30 /Users/tomdeeds/Documents/LPCXpresso_8.2.2/workspace/lpc_chip_175x_6x/Debug/liblpc_chip_175x_6x.a(iocon_17xx_40xx.o)
 .debug_aranges
                0x0000000000000670       0x48 /Users/tomdeeds/Documents/LPCXpresso_8.2.2/workspace/lpc_chip_175x_6x/Debug/liblpc_chip_175x_6x.a(pwm_17xx_40xx.o)
 .debug_aranges
                0x00000000000006b8       0x60 /Users/tomdeeds/Documents/LPCXpresso_8.2.2/workspace/lpc_chip_175x_6x/Debug/liblpc_chip_175x_6x.a(sysinit_17xx_40xx.o)

.debug_ranges   0x0000000000000000      0x650
 .debug_ranges  0x0000000000000000       0x70 ./src/cr_startup_lpc175x_6x.o
 .debug_ranges  0x0000000000000070       0x10 ./src/sysinit.o
 .debug_ranges  0x0000000000000080      0x180 ./src/virtual_cane.o
 .debug_ranges  0x0000000000000200      0x140 /Users/tomdeeds/Documents/LPCXpresso_8.2.2/workspace/lpc_board_nxp_lpcxpresso_1769/Debug/liblpc_board_nxp_lpcxpresso_1769.a(board.o)
 .debug_ranges  0x0000000000000340       0x28 /Users/tomdeeds/Documents/LPCXpresso_8.2.2/workspace/lpc_board_nxp_lpcxpresso_1769/Debug/liblpc_board_nxp_lpcxpresso_1769.a(board_sysinit.o)
 .debug_ranges  0x0000000000000368       0x28 /Users/tomdeeds/Documents/LPCXpresso_8.2.2/workspace/lpc_chip_175x_6x/Debug/liblpc_chip_175x_6x.a(chip_17xx_40xx.o)
 .debug_ranges  0x0000000000000390      0x110 /Users/tomdeeds/Documents/LPCXpresso_8.2.2/workspace/lpc_chip_175x_6x/Debug/liblpc_chip_175x_6x.a(clock_17xx_40xx.o)
 .debug_ranges  0x00000000000004a0      0x108 /Users/tomdeeds/Documents/LPCXpresso_8.2.2/workspace/lpc_chip_175x_6x/Debug/liblpc_chip_175x_6x.a(i2c_17xx_40xx.o)
 .debug_ranges  0x00000000000005a8       0x20 /Users/tomdeeds/Documents/LPCXpresso_8.2.2/workspace/lpc_chip_175x_6x/Debug/liblpc_chip_175x_6x.a(iocon_17xx_40xx.o)
 .debug_ranges  0x00000000000005c8       0x38 /Users/tomdeeds/Documents/LPCXpresso_8.2.2/workspace/lpc_chip_175x_6x/Debug/liblpc_chip_175x_6x.a(pwm_17xx_40xx.o)
 .debug_ranges  0x0000000000000600       0x50 /Users/tomdeeds/Documents/LPCXpresso_8.2.2/workspace/lpc_chip_175x_6x/Debug/liblpc_chip_175x_6x.a(sysinit_17xx_40xx.o)

.debug_macro    0x0000000000000000     0x598a
 .debug_macro   0x0000000000000000       0x1d ./src/cr_startup_lpc175x_6x.o
 .debug_macro   0x000000000000001d      0x88c ./src/cr_startup_lpc175x_6x.o
 .debug_macro   0x00000000000008a9       0x1a ./src/crp.o
 .debug_macro   0x00000000000008c3       0x34 ./src/crp.o
 .debug_macro   0x00000000000008f7      0x230 ./src/sysinit.o
 .debug_macro   0x0000000000000b27       0x10 ./src/sysinit.o
 .debug_macro   0x0000000000000b37      0x12d ./src/sysinit.o
 .debug_macro   0x0000000000000c64      0x5b2 ./src/sysinit.o
 .debug_macro   0x0000000000001216       0x22 ./src/sysinit.o
 .debug_macro   0x0000000000001238       0x7b ./src/sysinit.o
 .debug_macro   0x00000000000012b3       0x10 ./src/sysinit.o
 .debug_macro   0x00000000000012c3       0x2d ./src/sysinit.o
 .debug_macro   0x00000000000012f0       0x3a ./src/sysinit.o
 .debug_macro   0x000000000000132a       0x2d ./src/sysinit.o
 .debug_macro   0x0000000000001357      0xbb1 ./src/sysinit.o
 .debug_macro   0x0000000000001f08       0x58 ./src/sysinit.o
 .debug_macro   0x0000000000001f60      0x22e ./src/sysinit.o
 .debug_macro   0x000000000000218e       0x42 ./src/sysinit.o
 .debug_macro   0x00000000000021d0       0x52 ./src/sysinit.o
 .debug_macro   0x0000000000002222       0x78 ./src/sysinit.o
 .debug_macro   0x000000000000229a       0x82 ./src/sysinit.o
 .debug_macro   0x000000000000231c      0x48c ./src/sysinit.o
 .debug_macro   0x00000000000027a8       0x34 ./src/sysinit.o
 .debug_macro   0x00000000000027dc      0x4c5 ./src/sysinit.o
 .debug_macro   0x0000000000002ca1      0x1b7 ./src/sysinit.o
 .debug_macro   0x0000000000002e58       0x10 ./src/sysinit.o
 .debug_macro   0x0000000000002e68      0x21b ./src/sysinit.o
 .debug_macro   0x0000000000003083      0x1b9 ./src/sysinit.o
 .debug_macro   0x000000000000323c       0x40 ./src/sysinit.o
 .debug_macro   0x000000000000327c       0x22 ./src/sysinit.o
 .debug_macro   0x000000000000329e      0x162 ./src/sysinit.o
 .debug_macro   0x0000000000003400       0x94 ./src/sysinit.o
 .debug_macro   0x0000000000003494       0xb8 ./src/sysinit.o
 .debug_macro   0x000000000000354c       0x4c ./src/sysinit.o
 .debug_macro   0x0000000000003598       0x16 ./src/sysinit.o
 .debug_macro   0x00000000000035ae      0x328 ./src/sysinit.o
 .debug_macro   0x00000000000038d6       0x49 ./src/sysinit.o
 .debug_macro   0x000000000000391f       0x16 ./src/sysinit.o
 .debug_macro   0x0000000000003935       0xca ./src/sysinit.o
 .debug_macro   0x00000000000039ff       0x18 ./src/sysinit.o
 .debug_macro   0x0000000000003a17       0x76 ./src/sysinit.o
 .debug_macro   0x0000000000003a8d       0x9a ./src/sysinit.o
 .debug_macro   0x0000000000003b27       0x20 ./src/sysinit.o
 .debug_macro   0x0000000000003b47       0x28 ./src/sysinit.o
 .debug_macro   0x0000000000003b6f      0x2d9 ./src/virtual_cane.o
 .debug_macro   0x0000000000003e48       0x22 ./src/virtual_cane.o
 .debug_macro   0x0000000000003e6a       0x10 ./src/virtual_cane.o
 .debug_macro   0x0000000000003e7a       0x8e ./src/virtual_cane.o
 .debug_macro   0x0000000000003f08       0x34 ./src/virtual_cane.o
 .debug_macro   0x0000000000003f3c       0x82 ./src/virtual_cane.o
 .debug_macro   0x0000000000003fbe       0x82 ./src/virtual_cane.o
 .debug_macro   0x0000000000004040       0x6a ./src/virtual_cane.o
 .debug_macro   0x00000000000040aa      0x2a2 /Users/tomdeeds/Documents/LPCXpresso_8.2.2/workspace/lpc_board_nxp_lpcxpresso_1769/Debug/liblpc_board_nxp_lpcxpresso_1769.a(board.o)
 .debug_macro   0x000000000000434c      0x886 /Users/tomdeeds/Documents/LPCXpresso_8.2.2/workspace/lpc_board_nxp_lpcxpresso_1769/Debug/liblpc_board_nxp_lpcxpresso_1769.a(board.o)
 .debug_macro   0x0000000000004bd2       0x12 /Users/tomdeeds/Documents/LPCXpresso_8.2.2/workspace/lpc_board_nxp_lpcxpresso_1769/Debug/liblpc_board_nxp_lpcxpresso_1769.a(board.o)
 .debug_macro   0x0000000000004be4      0x230 /Users/tomdeeds/Documents/LPCXpresso_8.2.2/workspace/lpc_board_nxp_lpcxpresso_1769/Debug/liblpc_board_nxp_lpcxpresso_1769.a(board_sysinit.o)
 .debug_macro   0x0000000000004e14      0x1e6 /Users/tomdeeds/Documents/LPCXpresso_8.2.2/workspace/lpc_chip_175x_6x/Debug/liblpc_chip_175x_6x.a(chip_17xx_40xx.o)
 .debug_macro   0x0000000000004ffa      0x1e6 /Users/tomdeeds/Documents/LPCXpresso_8.2.2/workspace/lpc_chip_175x_6x/Debug/liblpc_chip_175x_6x.a(clock_17xx_40xx.o)
 .debug_macro   0x00000000000051e0      0x1f8 /Users/tomdeeds/Documents/LPCXpresso_8.2.2/workspace/lpc_chip_175x_6x/Debug/liblpc_chip_175x_6x.a(i2c_17xx_40xx.o)
 .debug_macro   0x00000000000053d8      0x1e6 /Users/tomdeeds/Documents/LPCXpresso_8.2.2/workspace/lpc_chip_175x_6x/Debug/liblpc_chip_175x_6x.a(iocon_17xx_40xx.o)
 .debug_macro   0x00000000000055be      0x1e6 /Users/tomdeeds/Documents/LPCXpresso_8.2.2/workspace/lpc_chip_175x_6x/Debug/liblpc_chip_175x_6x.a(pwm_17xx_40xx.o)
 .debug_macro   0x00000000000057a4      0x1e6 /Users/tomdeeds/Documents/LPCXpresso_8.2.2/workspace/lpc_chip_175x_6x/Debug/liblpc_chip_175x_6x.a(sysinit_17xx_40xx.o)

.debug_line     0x0000000000000000     0x3e75
 .debug_line    0x0000000000000000       0xd5 ./src/cr_startup_lpc175x_6x.o
 .debug_line    0x00000000000000d5       0x7f ./src/crp.o
 .debug_line    0x0000000000000154      0x4b0 ./src/sysinit.o
 .debug_line    0x0000000000000604      0xac0 ./src/virtual_cane.o
 .debug_line    0x00000000000010c4      0x82f /Users/tomdeeds/Documents/LPCXpresso_8.2.2/workspace/lpc_board_nxp_lpcxpresso_1769/Debug/liblpc_board_nxp_lpcxpresso_1769.a(board.o)
 .debug_line    0x00000000000018f3      0x4f0 /Users/tomdeeds/Documents/LPCXpresso_8.2.2/workspace/lpc_board_nxp_lpcxpresso_1769/Debug/liblpc_board_nxp_lpcxpresso_1769.a(board_sysinit.o)
 .debug_line    0x0000000000001de3      0x477 /Users/tomdeeds/Documents/LPCXpresso_8.2.2/workspace/lpc_chip_175x_6x/Debug/liblpc_chip_175x_6x.a(chip_17xx_40xx.o)
 .debug_line    0x000000000000225a      0x6f3 /Users/tomdeeds/Documents/LPCXpresso_8.2.2/workspace/lpc_chip_175x_6x/Debug/liblpc_chip_175x_6x.a(clock_17xx_40xx.o)
 .debug_line    0x000000000000294d      0x749 /Users/tomdeeds/Documents/LPCXpresso_8.2.2/workspace/lpc_chip_175x_6x/Debug/liblpc_chip_175x_6x.a(i2c_17xx_40xx.o)
 .debug_line    0x0000000000003096      0x463 /Users/tomdeeds/Documents/LPCXpresso_8.2.2/workspace/lpc_chip_175x_6x/Debug/liblpc_chip_175x_6x.a(iocon_17xx_40xx.o)
 .debug_line    0x00000000000034f9      0x48f /Users/tomdeeds/Documents/LPCXpresso_8.2.2/workspace/lpc_chip_175x_6x/Debug/liblpc_chip_175x_6x.a(pwm_17xx_40xx.o)
 .debug_line    0x0000000000003988      0x4ed /Users/tomdeeds/Documents/LPCXpresso_8.2.2/workspace/lpc_chip_175x_6x/Debug/liblpc_chip_175x_6x.a(sysinit_17xx_40xx.o)

.debug_str      0x0000000000000000    0x142bf
 .debug_str     0x0000000000000000     0x269b ./src/cr_startup_lpc175x_6x.o
                                       0x26ae (size before relaxing)
 .debug_str     0x000000000000269b       0xe9 ./src/crp.o
                                       0x25c6 (size before relaxing)
 .debug_str     0x0000000000002784     0xe6b4 ./src/sysinit.o
                                      0x10c95 (size before relaxing)
 .debug_str     0x0000000000010e38     0x1740 ./src/virtual_cane.o
                                      0x12440 (size before relaxing)
 .debug_str     0x0000000000012578      0xa1d /Users/tomdeeds/Documents/LPCXpresso_8.2.2/workspace/lpc_board_nxp_lpcxpresso_1769/Debug/liblpc_board_nxp_lpcxpresso_1769.a(board.o)
                                      0x11b25 (size before relaxing)
 .debug_str     0x0000000000012f95      0x22d /Users/tomdeeds/Documents/LPCXpresso_8.2.2/workspace/lpc_board_nxp_lpcxpresso_1769/Debug/liblpc_board_nxp_lpcxpresso_1769.a(board_sysinit.o)
                                      0x11094 (size before relaxing)
 .debug_str     0x00000000000131c2       0xbf /Users/tomdeeds/Documents/LPCXpresso_8.2.2/workspace/lpc_chip_175x_6x/Debug/liblpc_chip_175x_6x.a(chip_17xx_40xx.o)
                                      0x10d9e (size before relaxing)
 .debug_str     0x0000000000013281      0x857 /Users/tomdeeds/Documents/LPCXpresso_8.2.2/workspace/lpc_chip_175x_6x/Debug/liblpc_chip_175x_6x.a(clock_17xx_40xx.o)
                                      0x1140c (size before relaxing)
 .debug_str     0x0000000000013ad8      0x585 /Users/tomdeeds/Documents/LPCXpresso_8.2.2/workspace/lpc_chip_175x_6x/Debug/liblpc_chip_175x_6x.a(i2c_17xx_40xx.o)
                                      0x1141c (size before relaxing)
 .debug_str     0x000000000001405d       0x74 /Users/tomdeeds/Documents/LPCXpresso_8.2.2/workspace/lpc_chip_175x_6x/Debug/liblpc_chip_175x_6x.a(iocon_17xx_40xx.o)
                                      0x10889 (size before relaxing)
 .debug_str     0x00000000000140d1      0x12a /Users/tomdeeds/Documents/LPCXpresso_8.2.2/workspace/lpc_chip_175x_6x/Debug/liblpc_chip_175x_6x.a(pwm_17xx_40xx.o)
                                      0x10ba8 (size before relaxing)
 .debug_str     0x00000000000141fb       0xc4 /Users/tomdeeds/Documents/LPCXpresso_8.2.2/workspace/lpc_chip_175x_6x/Debug/liblpc_chip_175x_6x.a(sysinit_17xx_40xx.o)
                                      0x10a71 (size before relaxing)

.comment        0x0000000000000000       0xdc
 .comment       0x0000000000000000       0x6e ./src/cr_startup_lpc175x_6x.o
                                         0x6f (size before relaxing)
 .comment       0x000000000000006e       0x6f ./src/crp.o
 .comment       0x000000000000006e       0x6f ./src/sysinit.o
 .comment       0x000000000000006e       0x6f ./src/virtual_cane.o
 .comment       0x000000000000006e       0x6f /Users/tomdeeds/Documents/LPCXpresso_8.2.2/workspace/lpc_board_nxp_lpcxpresso_1769/Debug/liblpc_board_nxp_lpcxpresso_1769.a(board.o)
 .comment       0x000000000000006e       0x6f /Users/tomdeeds/Documents/LPCXpresso_8.2.2/workspace/lpc_board_nxp_lpcxpresso_1769/Debug/liblpc_board_nxp_lpcxpresso_1769.a(board_sysinit.o)
 .comment       0x000000000000006e       0x6f /Users/tomdeeds/Documents/LPCXpresso_8.2.2/workspace/lpc_chip_175x_6x/Debug/liblpc_chip_175x_6x.a(chip_17xx_40xx.o)
 .comment       0x000000000000006e       0x6f /Users/tomdeeds/Documents/LPCXpresso_8.2.2/workspace/lpc_chip_175x_6x/Debug/liblpc_chip_175x_6x.a(clock_17xx_40xx.o)
 .comment       0x000000000000006e       0x6f /Users/tomdeeds/Documents/LPCXpresso_8.2.2/workspace/lpc_chip_175x_6x/Debug/liblpc_chip_175x_6x.a(i2c_17xx_40xx.o)
 .comment       0x000000000000006e       0x6f /Users/tomdeeds/Documents/LPCXpresso_8.2.2/workspace/lpc_chip_175x_6x/Debug/liblpc_chip_175x_6x.a(iocon_17xx_40xx.o)
 .comment       0x000000000000006e       0x6f /Users/tomdeeds/Documents/LPCXpresso_8.2.2/workspace/lpc_chip_175x_6x/Debug/liblpc_chip_175x_6x.a(pwm_17xx_40xx.o)
 .comment       0x000000000000006e       0x6f /Users/tomdeeds/Documents/LPCXpresso_8.2.2/workspace/lpc_chip_175x_6x/Debug/liblpc_chip_175x_6x.a(sysinit_17xx_40xx.o)
 .comment       0x000000000000006e       0x6e /Applications/lpcxpresso_8.2.2_650/lpcxpresso/tools/bin/../lib/gcc/arm-none-eabi/5.4.1/../../../../arm-none-eabi/lib/armv7-m/libcr_semihost.a(_cr__main.o)
                                         0x6f (size before relaxing)
 .comment       0x00000000000000dc       0x6f /Applications/lpcxpresso_8.2.2_650/lpcxpresso/tools/bin/../lib/gcc/arm-none-eabi/5.4.1/../../../../arm-none-eabi/lib/armv7-m/libcr_c.a(memcpy.o)
 .comment       0x00000000000000dc       0x6f /Applications/lpcxpresso_8.2.2_650/lpcxpresso/tools/bin/../lib/gcc/arm-none-eabi/5.4.1/../../../../arm-none-eabi/lib/armv7-m/libcr_c.a(initio.o)
 .comment       0x00000000000000dc       0x6f /Applications/lpcxpresso_8.2.2_650/lpcxpresso/tools/bin/../lib/gcc/arm-none-eabi/5.4.1/../../../../arm-none-eabi/lib/armv7-m/libcr_c.a(setvbuf.o)
 .comment       0x00000000000000dc       0x6f /Applications/lpcxpresso_8.2.2_650/lpcxpresso/tools/bin/../lib/gcc/arm-none-eabi/5.4.1/../../../../arm-none-eabi/lib/armv7-m/libcr_c.a(stdio.o)
 .comment       0x00000000000000dc       0x6f /Applications/lpcxpresso_8.2.2_650/lpcxpresso/tools/bin/../lib/gcc/arm-none-eabi/5.4.1/../../../../arm-none-eabi/lib/armv7-m/libcr_c.a(memset.o)
 .comment       0x00000000000000dc       0x6f /Applications/lpcxpresso_8.2.2_650/lpcxpresso/tools/bin/../lib/gcc/arm-none-eabi/5.4.1/../../../../arm-none-eabi/lib/armv7-m/libcr_c.a(_deferredlazyseek.o)
 .comment       0x00000000000000dc       0x6f /Applications/lpcxpresso_8.2.2_650/lpcxpresso/tools/bin/../lib/gcc/arm-none-eabi/5.4.1/../../../../arm-none-eabi/lib/armv7-m/libcr_c.a(_fdopen.o)
 .comment       0x00000000000000dc       0x6f /Applications/lpcxpresso_8.2.2_650/lpcxpresso/tools/bin/../lib/gcc/arm-none-eabi/5.4.1/../../../../arm-none-eabi/lib/armv7-m/libcr_c.a(_fflush.o)
 .comment       0x00000000000000dc       0x6f /Applications/lpcxpresso_8.2.2_650/lpcxpresso/tools/bin/../lib/gcc/arm-none-eabi/5.4.1/../../../../arm-none-eabi/lib/armv7-m/libcr_c.a(_writebuf.o)
 .comment       0x00000000000000dc       0x6f /Applications/lpcxpresso_8.2.2_650/lpcxpresso/tools/bin/../lib/gcc/arm-none-eabi/5.4.1/../../../../arm-none-eabi/lib/armv7-m/libcr_c.a(alloc.o)
 .comment       0x00000000000000dc       0x6f /Applications/lpcxpresso_8.2.2_650/lpcxpresso/tools/bin/../lib/gcc/arm-none-eabi/5.4.1/../../../../arm-none-eabi/lib/armv7-m/libcr_c.a(fclose.o)
 .comment       0x00000000000000dc       0x6f /Applications/lpcxpresso_8.2.2_650/lpcxpresso/tools/bin/../lib/gcc/arm-none-eabi/5.4.1/../../../../arm-none-eabi/lib/armv7-m/libcr_c.a(fflush.o)
 .comment       0x00000000000000dc       0x6f /Applications/lpcxpresso_8.2.2_650/lpcxpresso/tools/bin/../lib/gcc/arm-none-eabi/5.4.1/../../../../arm-none-eabi/lib/armv7-m/libcr_c.a(fseek.o)
 .comment       0x00000000000000dc       0x6f /Applications/lpcxpresso_8.2.2_650/lpcxpresso/tools/bin/../lib/gcc/arm-none-eabi/5.4.1/../../../../arm-none-eabi/lib/armv7-m/libcr_c.a(ftell.o)
 .comment       0x00000000000000dc       0x6f /Applications/lpcxpresso_8.2.2_650/lpcxpresso/tools/bin/../lib/gcc/arm-none-eabi/5.4.1/../../../../arm-none-eabi/lib/armv7-m/libcr_c.a(remove.o)
 .comment       0x00000000000000dc       0x6f /Applications/lpcxpresso_8.2.2_650/lpcxpresso/tools/bin/../lib/gcc/arm-none-eabi/5.4.1/../../../../arm-none-eabi/lib/armv7-m/libcr_c.a(strlen.o)
 .comment       0x00000000000000dc       0x6f /Applications/lpcxpresso_8.2.2_650/lpcxpresso/tools/bin/../lib/gcc/arm-none-eabi/5.4.1/../../../../arm-none-eabi/lib/armv7-m/libcr_c.a(__init_alloc.o)
 .comment       0x00000000000000dc       0x6f /Applications/lpcxpresso_8.2.2_650/lpcxpresso/tools/bin/../lib/gcc/arm-none-eabi/5.4.1/../../../../arm-none-eabi/lib/armv7-m/libcr_c.a(_cr_sbrk.o)
 .comment       0x00000000000000dc       0x6f /Applications/lpcxpresso_8.2.2_650/lpcxpresso/tools/bin/../lib/gcc/arm-none-eabi/5.4.1/../../../../arm-none-eabi/lib/armv7-m/libcr_c.a(_do_fflush.o)
 .comment       0x00000000000000dc       0x6f /Applications/lpcxpresso_8.2.2_650/lpcxpresso/tools/bin/../lib/gcc/arm-none-eabi/5.4.1/../../../../arm-none-eabi/lib/armv7-m/libcr_c.a(errno.o)
 .comment       0x00000000000000dc       0x6f /Applications/lpcxpresso_8.2.2_650/lpcxpresso/tools/bin/../lib/gcc/arm-none-eabi/5.4.1/../../../../arm-none-eabi/lib/armv7-m/libcr_c.a(_cr_check_heap.o)

.ARM.attributes
                0x0000000000000000       0x31
 .ARM.attributes
                0x0000000000000000       0x33 ./src/cr_startup_lpc175x_6x.o
 .ARM.attributes
                0x0000000000000033       0x33 ./src/crp.o
 .ARM.attributes
                0x0000000000000066       0x33 ./src/sysinit.o
 .ARM.attributes
                0x0000000000000099       0x33 ./src/virtual_cane.o
 .ARM.attributes
                0x00000000000000cc       0x33 /Users/tomdeeds/Documents/LPCXpresso_8.2.2/workspace/lpc_board_nxp_lpcxpresso_1769/Debug/liblpc_board_nxp_lpcxpresso_1769.a(board.o)
 .ARM.attributes
                0x00000000000000ff       0x33 /Users/tomdeeds/Documents/LPCXpresso_8.2.2/workspace/lpc_board_nxp_lpcxpresso_1769/Debug/liblpc_board_nxp_lpcxpresso_1769.a(board_sysinit.o)
 .ARM.attributes
                0x0000000000000132       0x33 /Users/tomdeeds/Documents/LPCXpresso_8.2.2/workspace/lpc_chip_175x_6x/Debug/liblpc_chip_175x_6x.a(chip_17xx_40xx.o)
 .ARM.attributes
                0x0000000000000165       0x33 /Users/tomdeeds/Documents/LPCXpresso_8.2.2/workspace/lpc_chip_175x_6x/Debug/liblpc_chip_175x_6x.a(clock_17xx_40xx.o)
 .ARM.attributes
                0x0000000000000198       0x33 /Users/tomdeeds/Documents/LPCXpresso_8.2.2/workspace/lpc_chip_175x_6x/Debug/liblpc_chip_175x_6x.a(i2c_17xx_40xx.o)
 .ARM.attributes
                0x00000000000001cb       0x33 /Users/tomdeeds/Documents/LPCXpresso_8.2.2/workspace/lpc_chip_175x_6x/Debug/liblpc_chip_175x_6x.a(iocon_17xx_40xx.o)
 .ARM.attributes
                0x00000000000001fe       0x33 /Users/tomdeeds/Documents/LPCXpresso_8.2.2/workspace/lpc_chip_175x_6x/Debug/liblpc_chip_175x_6x.a(pwm_17xx_40xx.o)
 .ARM.attributes
                0x0000000000000231       0x33 /Users/tomdeeds/Documents/LPCXpresso_8.2.2/workspace/lpc_chip_175x_6x/Debug/liblpc_chip_175x_6x.a(sysinit_17xx_40xx.o)
 .ARM.attributes
                0x0000000000000264       0x33 /Applications/lpcxpresso_8.2.2_650/lpcxpresso/tools/bin/../lib/gcc/arm-none-eabi/5.4.1/../../../../arm-none-eabi/lib/armv7-m/libcr_semihost.a(_cr__main.o)
 .ARM.attributes
                0x0000000000000297       0x33 /Applications/lpcxpresso_8.2.2_650/lpcxpresso/tools/bin/../lib/gcc/arm-none-eabi/5.4.1/../../../../arm-none-eabi/lib/armv7-m/libcr_c.a(memcpy.o)
 .ARM.attributes
                0x00000000000002ca       0x33 /Applications/lpcxpresso_8.2.2_650/lpcxpresso/tools/bin/../lib/gcc/arm-none-eabi/5.4.1/../../../../arm-none-eabi/lib/armv7-m/libcr_c.a(initio.o)
 .ARM.attributes
                0x00000000000002fd       0x33 /Applications/lpcxpresso_8.2.2_650/lpcxpresso/tools/bin/../lib/gcc/arm-none-eabi/5.4.1/../../../../arm-none-eabi/lib/armv7-m/libcr_c.a(setvbuf.o)
 .ARM.attributes
                0x0000000000000330       0x33 /Applications/lpcxpresso_8.2.2_650/lpcxpresso/tools/bin/../lib/gcc/arm-none-eabi/5.4.1/../../../../arm-none-eabi/lib/armv7-m/libcr_c.a(stdio.o)
 .ARM.attributes
                0x0000000000000363       0x33 /Applications/lpcxpresso_8.2.2_650/lpcxpresso/tools/bin/../lib/gcc/arm-none-eabi/5.4.1/../../../../arm-none-eabi/lib/armv7-m/libcr_c.a(memset.o)
 .ARM.attributes
                0x0000000000000396       0x33 /Applications/lpcxpresso_8.2.2_650/lpcxpresso/tools/bin/../lib/gcc/arm-none-eabi/5.4.1/../../../../arm-none-eabi/lib/armv7-m/libcr_c.a(_deferredlazyseek.o)
 .ARM.attributes
                0x00000000000003c9       0x33 /Applications/lpcxpresso_8.2.2_650/lpcxpresso/tools/bin/../lib/gcc/arm-none-eabi/5.4.1/../../../../arm-none-eabi/lib/armv7-m/libcr_c.a(_fdopen.o)
 .ARM.attributes
                0x00000000000003fc       0x33 /Applications/lpcxpresso_8.2.2_650/lpcxpresso/tools/bin/../lib/gcc/arm-none-eabi/5.4.1/../../../../arm-none-eabi/lib/armv7-m/libcr_c.a(_fflush.o)
 .ARM.attributes
                0x000000000000042f       0x33 /Applications/lpcxpresso_8.2.2_650/lpcxpresso/tools/bin/../lib/gcc/arm-none-eabi/5.4.1/../../../../arm-none-eabi/lib/armv7-m/libcr_c.a(_writebuf.o)
 .ARM.attributes
                0x0000000000000462       0x33 /Applications/lpcxpresso_8.2.2_650/lpcxpresso/tools/bin/../lib/gcc/arm-none-eabi/5.4.1/../../../../arm-none-eabi/lib/armv7-m/libcr_c.a(alloc.o)
 .ARM.attributes
                0x0000000000000495       0x33 /Applications/lpcxpresso_8.2.2_650/lpcxpresso/tools/bin/../lib/gcc/arm-none-eabi/5.4.1/../../../../arm-none-eabi/lib/armv7-m/libcr_c.a(fclose.o)
 .ARM.attributes
                0x00000000000004c8       0x33 /Applications/lpcxpresso_8.2.2_650/lpcxpresso/tools/bin/../lib/gcc/arm-none-eabi/5.4.1/../../../../arm-none-eabi/lib/armv7-m/libcr_c.a(fflush.o)
 .ARM.attributes
                0x00000000000004fb       0x33 /Applications/lpcxpresso_8.2.2_650/lpcxpresso/tools/bin/../lib/gcc/arm-none-eabi/5.4.1/../../../../arm-none-eabi/lib/armv7-m/libcr_c.a(fseek.o)
 .ARM.attributes
                0x000000000000052e       0x33 /Applications/lpcxpresso_8.2.2_650/lpcxpresso/tools/bin/../lib/gcc/arm-none-eabi/5.4.1/../../../../arm-none-eabi/lib/armv7-m/libcr_c.a(ftell.o)
 .ARM.attributes
                0x0000000000000561       0x33 /Applications/lpcxpresso_8.2.2_650/lpcxpresso/tools/bin/../lib/gcc/arm-none-eabi/5.4.1/../../../../arm-none-eabi/lib/armv7-m/libcr_c.a(remove.o)
 .ARM.attributes
                0x0000000000000594       0x33 /Applications/lpcxpresso_8.2.2_650/lpcxpresso/tools/bin/../lib/gcc/arm-none-eabi/5.4.1/../../../../arm-none-eabi/lib/armv7-m/libcr_c.a(strlen.o)
 .ARM.attributes
                0x00000000000005c7       0x33 /Applications/lpcxpresso_8.2.2_650/lpcxpresso/tools/bin/../lib/gcc/arm-none-eabi/5.4.1/../../../../arm-none-eabi/lib/armv7-m/libcr_c.a(__init_alloc.o)
 .ARM.attributes
                0x00000000000005fa       0x33 /Applications/lpcxpresso_8.2.2_650/lpcxpresso/tools/bin/../lib/gcc/arm-none-eabi/5.4.1/../../../../arm-none-eabi/lib/armv7-m/libcr_c.a(_cr_sbrk.o)
 .ARM.attributes
                0x000000000000062d       0x33 /Applications/lpcxpresso_8.2.2_650/lpcxpresso/tools/bin/../lib/gcc/arm-none-eabi/5.4.1/../../../../arm-none-eabi/lib/armv7-m/libcr_c.a(_do_fflush.o)
 .ARM.attributes
                0x0000000000000660       0x33 /Applications/lpcxpresso_8.2.2_650/lpcxpresso/tools/bin/../lib/gcc/arm-none-eabi/5.4.1/../../../../arm-none-eabi/lib/armv7-m/libcr_c.a(errno.o)
 .ARM.attributes
                0x0000000000000693       0x33 /Applications/lpcxpresso_8.2.2_650/lpcxpresso/tools/bin/../lib/gcc/arm-none-eabi/5.4.1/../../../../arm-none-eabi/lib/armv7-m/libcr_c.a(_cr_check_heap.o)
 .ARM.attributes
                0x00000000000006c6       0x21 /Applications/lpcxpresso_8.2.2_650/lpcxpresso/tools/bin/../lib/gcc/arm-none-eabi/5.4.1/armv7-m/libcr_eabihelpers.a(memcpy.o)
 .ARM.attributes
                0x00000000000006e7       0x21 /Applications/lpcxpresso_8.2.2_650/lpcxpresso/tools/bin/../lib/gcc/arm-none-eabi/5.4.1/../../../../arm-none-eabi/lib/armv7-m/libcr_semihost.a(__sys_appexit.o)
 .ARM.attributes
                0x0000000000000708       0x21 /Applications/lpcxpresso_8.2.2_650/lpcxpresso/tools/bin/../lib/gcc/arm-none-eabi/5.4.1/../../../../arm-none-eabi/lib/armv7-m/libcr_semihost.a(__sys_close.o)
 .ARM.attributes
                0x0000000000000729       0x21 /Applications/lpcxpresso_8.2.2_650/lpcxpresso/tools/bin/../lib/gcc/arm-none-eabi/5.4.1/../../../../arm-none-eabi/lib/armv7-m/libcr_semihost.a(__sys_flen.o)
 .ARM.attributes
                0x000000000000074a       0x21 /Applications/lpcxpresso_8.2.2_650/lpcxpresso/tools/bin/../lib/gcc/arm-none-eabi/5.4.1/../../../../arm-none-eabi/lib/armv7-m/libcr_semihost.a(__sys_istty.o)
 .ARM.attributes
                0x000000000000076b       0x21 /Applications/lpcxpresso_8.2.2_650/lpcxpresso/tools/bin/../lib/gcc/arm-none-eabi/5.4.1/../../../../arm-none-eabi/lib/armv7-m/libcr_semihost.a(__sys_remove.o)
 .ARM.attributes
                0x000000000000078c       0x21 /Applications/lpcxpresso_8.2.2_650/lpcxpresso/tools/bin/../lib/gcc/arm-none-eabi/5.4.1/../../../../arm-none-eabi/lib/armv7-m/libcr_semihost.a(__sys_seek.o)
 .ARM.attributes
                0x00000000000007ad       0x21 /Applications/lpcxpresso_8.2.2_650/lpcxpresso/tools/bin/../lib/gcc/arm-none-eabi/5.4.1/../../../../arm-none-eabi/lib/armv7-m/libcr_semihost.a(__sys_tmpnam.o)
 .ARM.attributes
                0x00000000000007ce       0x21 /Applications/lpcxpresso_8.2.2_650/lpcxpresso/tools/bin/../lib/gcc/arm-none-eabi/5.4.1/../../../../arm-none-eabi/lib/armv7-m/libcr_semihost.a(__sys_write.o)

.debug_frame    0x0000000000000000     0x1aec
 .debug_frame   0x0000000000000000      0x170 ./src/cr_startup_lpc175x_6x.o
 .debug_frame   0x0000000000000170       0x34 ./src/sysinit.o
 .debug_frame   0x00000000000001a4      0x6ac ./src/virtual_cane.o
 .debug_frame   0x0000000000000850      0x58c /Users/tomdeeds/Documents/LPCXpresso_8.2.2/workspace/lpc_board_nxp_lpcxpresso_1769/Debug/liblpc_board_nxp_lpcxpresso_1769.a(board.o)
 .debug_frame   0x0000000000000ddc       0x8c /Users/tomdeeds/Documents/LPCXpresso_8.2.2/workspace/lpc_board_nxp_lpcxpresso_1769/Debug/liblpc_board_nxp_lpcxpresso_1769.a(board_sysinit.o)
 .debug_frame   0x0000000000000e68       0x88 /Users/tomdeeds/Documents/LPCXpresso_8.2.2/workspace/lpc_chip_175x_6x/Debug/liblpc_chip_175x_6x.a(chip_17xx_40xx.o)
 .debug_frame   0x0000000000000ef0      0x490 /Users/tomdeeds/Documents/LPCXpresso_8.2.2/workspace/lpc_chip_175x_6x/Debug/liblpc_chip_175x_6x.a(clock_17xx_40xx.o)
 .debug_frame   0x0000000000001380      0x4c8 /Users/tomdeeds/Documents/LPCXpresso_8.2.2/workspace/lpc_chip_175x_6x/Debug/liblpc_chip_175x_6x.a(i2c_17xx_40xx.o)
 .debug_frame   0x0000000000001848       0x80 /Users/tomdeeds/Documents/LPCXpresso_8.2.2/workspace/lpc_chip_175x_6x/Debug/liblpc_chip_175x_6x.a(iocon_17xx_40xx.o)
 .debug_frame   0x00000000000018c8       0xf8 /Users/tomdeeds/Documents/LPCXpresso_8.2.2/workspace/lpc_chip_175x_6x/Debug/liblpc_chip_175x_6x.a(pwm_17xx_40xx.o)
 .debug_frame   0x00000000000019c0      0x12c /Users/tomdeeds/Documents/LPCXpresso_8.2.2/workspace/lpc_chip_175x_6x/Debug/liblpc_chip_175x_6x.a(sysinit_17xx_40xx.o)
